D/WifiWatchdogService( 1043): (android.server.ServerThread) CienPesos (00:22:75:1a:90:2c) does not require the watchdog
I/TelephonyRegistry( 1043): notifyDataConnection: state=0 isDataConnectivityPossible=true reason=dataDisabled interfaceName=null networkType=10
D/WifiService( 1043): acquireWifiLockLocked: WifiLock{GanOptimizer type=3 binder=android.os.BinderProxy@40ac8f78}
D/WifiService( 1043): releaseWifiLockLocked: WifiLock{GanOptimizer type=3 binder=android.os.BinderProxy@40ac8f78}
I/TelephonyRegistry( 1043): notifyServiceState: 0 home T-Mobile T-Mobile 31026  Unknown CSS not supported -1 -1RoamInd: -1DefRoamInd: -1EmergOnly: false
I/TelephonyRegistry( 1043): notifyDataConnection: state=0 isDataConnectivityPossible=true reason=null interfaceName=null networkType=0
I/ActivityManager( 1043): Starting: Intent { act=com.android.kineto.DISPLAY_ADDR_REM flg=0x10000000 cmp=com.android.kineto/.AddrRemPopup } from pid 1150
I/TelephonyRegistry( 1043): notifyDataConnection: state=0 isDataConnectivityPossible=true reason=gprsDetached interfaceName=null networkType=0
W/InputManagerService( 1043): Window already focused, ignoring focus gain of: com.android.internal.view.IInputMethodClient$Stub$Proxy@40a49700
I/TelephonyRegistry( 1043): notifyServiceState: 0 home T-Mobile T-Mobile 31026  GPRS CSS not supported -1 -1RoamInd: -1DefRoamInd: -1EmergOnly: false
I/TelephonyRegistry( 1043): notifyDataConnection: state=0 isDataConnectivityPossible=true reason=null interfaceName=null networkType=1
I/ActivityManager( 1043): Start proc com.ridecharge.android.taximagic for broadcast com.ridecharge.android.taximagic/com.urbanairship.push.IntentReceiver: pid=15402 uid=10081 gids={3003, 1015}
I/ActivityManager( 1043): No longer want com.google.android.apps.maps (pid 11944): hidden #16
D/WifiService( 1043): ACTION_SCREEN_OFF
D/WifiService( 1043): setting ACTION_DEVICE_IDLE timer for 900000ms
E/ConnectivityService( 1043): Attempt to connect to WIFI failed.
I/TelephonyRegistry( 1043): notifyDataConnection: state=0 isDataConnectivityPossible=false reason=apnSwitched interfaceName=null networkType=1
I/TelephonyRegistry( 1043): notifyDataConnection: state=1 isDataConnectivityPossible=true reason=apnSwitched interfaceName=null networkType=1
D/WifiService( 1043): ACTION_BATTERY_CHANGED pluggedType: 0
I/TelephonyRegistry( 1043): notifyServiceState: 0 home T-Mobile T-Mobile 310260  HSPA CSS not supported -1 -1RoamInd: -1DefRoamInd: -1EmergOnly: false
I/TelephonyRegistry( 1043): notifyDataConnection: state=1 isDataConnectivityPossible=true reason=null interfaceName=null networkType=10
I/TelephonyRegistry( 1043): notifyDataConnection: state=2 isDataConnectivityPossible=true reason=apnSwitched interfaceName=vsnet0 networkType=10
E/ConnectivityService( 1043): Attempt to connect to WIFI failed.
W/WifiService( 1043): misformatted scan result for: 00:13:92:42:11:99	2437	165	[WPA-PSK-CCMP]	
W/WifiService( 1043): misformatted scan result for: 00:13:92:42:11:99	2437	165	[WPA-PSK-CCMP]	
W/BackupManagerService( 1043): dataChanged but no participant pkg='com.android.providers.settings' uid=10050
D/StatusBarService( 1132): Notification has fullScreenIntent; sending fullScreenIntent
I/ActivityManager( 1043): Starting: Intent { flg=0x10040000 cmp=com.android.deskclock/.AlarmAlertFullScreen (has extras) } from pid -1
D/WifiService( 1043): ACTION_SCREEN_ON
D/WifiService( 1043): ACTION_BATTERY_CHANGED pluggedType: 0
E/ConnectivityService( 1043): Attempt to connect to WIFI failed.
I/WindowManager( 1043): Setting rotation to 0, animFlags=0
I/ActivityManager( 1043): Config changed: { scale=1.0 imsi=310/260 loc=en_US touch=3 keys=1/1/2 nav=1/1 orien=1 layout=34 uiMode=19 seq=68 themeResource=null}
D/WifiWatchdogService( 1043): (android.server.ServerThread) CienPesos (00:22:75:1a:90:2c) does not require the watchdog
I/TelephonyRegistry( 1043): notifyDataConnection: state=0 isDataConnectivityPossible=true reason=dataDisabled interfaceName=null networkType=10
D/WifiService( 1043): acquireWifiLockLocked: WifiLock{GanOptimizer type=3 binder=android.os.BinderProxy@40925320}
D/WifiService( 1043): releaseWifiLockLocked: WifiLock{GanOptimizer type=3 binder=android.os.BinderProxy@40925320}
I/ActivityManager( 1043): Starting: Intent { act=com.android.kineto.DISPLAY_ADDR_REM flg=0x10000000 cmp=com.android.kineto/.AddrRemPopup } from pid 1150
W/InputManagerService( 1043): Window already focused, ignoring focus gain of: com.android.internal.view.IInputMethodClient$Stub$Proxy@40ba3fc8
I/TelephonyRegistry( 1043): notifyServiceState: 0 home T-Mobile T-Mobile 31026  Unknown CSS not supported -1 -1RoamInd: -1DefRoamInd: -1EmergOnly: false
I/TelephonyRegistry( 1043): notifyDataConnection: state=0 isDataConnectivityPossible=true reason=null interfaceName=null networkType=0
I/TelephonyRegistry( 1043): notifyDataConnection: state=0 isDataConnectivityPossible=true reason=gprsDetached interfaceName=null networkType=0
I/TelephonyRegistry( 1043): notifyServiceState: 0 home T-Mobile T-Mobile 31026  GPRS CSS not supported -1 -1RoamInd: -1DefRoamInd: -1EmergOnly: false
I/TelephonyRegistry( 1043): notifyDataConnection: state=0 isDataConnectivityPossible=true reason=null interfaceName=null networkType=1
D/WifiService( 1043): ACTION_SCREEN_OFF
D/WifiService( 1043): setting ACTION_DEVICE_IDLE timer for 900000ms
E/ConnectivityService( 1043): Attempt to connect to WIFI failed.
I/TelephonyRegistry( 1043): notifyDataConnection: state=0 isDataConnectivityPossible=false reason=apnSwitched interfaceName=null networkType=1
I/TelephonyRegistry( 1043): notifyDataConnection: state=1 isDataConnectivityPossible=true reason=apnSwitched interfaceName=null networkType=1
I/TelephonyRegistry( 1043): notifyServiceState: 1 home null null null  Unknown CSS not supported -1 -1RoamInd: -1DefRoamInd: -1EmergOnly: false
I/TelephonyRegistry( 1043): notifyDataConnection: state=0 isDataConnectivityPossible=false reason=null interfaceName=null networkType=0
I/TelephonyRegistry( 1043): notifyDataConnection: state=0 isDataConnectivityPossible=false reason=gprsDetached interfaceName=null networkType=0
I/TelephonyRegistry( 1043): notifyServiceState: 1 home T-Mobile T-Mobile 310260  HSPA CSS not supported -1 -1RoamInd: -1DefRoamInd: -1EmergOnly: false
I/TelephonyRegistry( 1043): notifyDataConnection: state=0 isDataConnectivityPossible=false reason=null interfaceName=null networkType=10
I/TelephonyRegistry( 1043): notifyDataConnection: state=0 isDataConnectivityPossible=false reason=gprsAttached interfaceName=null networkType=10
I/TelephonyRegistry( 1043): notifyDataConnection: state=1 isDataConnectivityPossible=false reason=gprsAttached interfaceName=null networkType=10
I/TelephonyRegistry( 1043): notifyServiceState: 0 home T-Mobile T-Mobile 310260  HSPA CSS not supported -1 -1RoamInd: -1DefRoamInd: -1EmergOnly: false
I/TelephonyRegistry( 1043): notifyDataConnection: state=2 isDataConnectivityPossible=true reason=gprsAttached interfaceName=vsnet0 networkType=10
I/TelephonyRegistry( 1043): notifyServiceState: 0 home T-Mobile T-Mobile 310260  EDGE CSS not supported -1 -1RoamInd: -1DefRoamInd: -1EmergOnly: false
I/TelephonyRegistry( 1043): notifyDataConnection: state=2 isDataConnectivityPossible=true reason=null interfaceName=vsnet0 networkType=2
I/ActivityManager( 1043): Start proc com.google.android.apps.maps for service com.google.android.apps.maps/com.google.googlenav.prefetch.android.PrefetcherService: pid=15892 uid=10069 gids={3003, 1015}
E/ConnectivityService( 1043): Attempt to connect to WIFI failed.
I/ActivityManager( 1043): No longer want com.google.android.apps.genie.geniewidget (pid 14080): hidden #16
D/WifiService( 1043): ACTION_BATTERY_CHANGED pluggedType: 0
D/WifiService( 1043): got ACTION_DEVICE_IDLE
I/ActivityManager( 1043): Start proc net.lp.collectionista for broadcast net.lp.collectionista/.versioncheck.VersioncheckBroadcastReceiver: pid=15972 uid=10114 gids={1015, 3003}
I/ActivityManager( 1043): No longer want com.facebook.katana (pid 12004): hidden #16
I/WindowManager( 1043): WIN DEATH: Window{40882740 com.facebook.katana/com.facebook.katana.HomeActivity paused=false}
E/ConnectivityService( 1043): Attempt to connect to WIFI failed.
D/WifiService( 1043): ACTION_BATTERY_CHANGED pluggedType: 0
E/ConnectivityService( 1043): Attempt to connect to WIFI failed.
I/ActivityManager( 1043): Start proc com.twitter.android for service com.twitter.android/.client.AppService: pid=16099 uid=10063 gids={3003}
I/ActivityManager( 1043): No longer want com.android.vending (pid 14913): hidden #16
E/ConnectivityService( 1043): Attempt to connect to WIFI failed.
D/WifiService( 1043): ACTION_BATTERY_CHANGED pluggedType: 0
I/ActivityManager( 1043): Start proc com.facebook.katana for service com.facebook.katana/.service.FacebookService: pid=16217 uid=10065 gids={3003, 1015}
E/ConnectivityService( 1043): Attempt to connect to WIFI failed.
--------- beginning of /dev/log/main
I/wpa_supplicant(14807): CTRL-EVENT-STATE-CHANGE id=-1 state=2 BSSID=00:00:00:00:00:00
V/WifiMonitor( 1043): Event [CTRL-EVENT-STATE-CHANGE id=-1 state=2 BSSID=00:00:00:00:00:00]
V/WifiStateTracker( 1043): Changing supplicant state: DORMANT ==> SCANNING
D/dalvikvm(16217): GC_CONCURRENT freed 485K, 46% free 3496K/6471K, external 4K/516K, paused 2ms+2ms
I/wpa_supplicant(14807): Trying to associate with 00:22:75:1a:90:2c (SSID='CienPesos' freq=2412 MHz)
I/wpa_supplicant(14807): CTRL-EVENT-STATE-CHANGE id=-1 state=3 BSSID=00:22:75:1a:90:2c
V/WifiMonitor( 1043): Event [Trying to associate with 00:22:75:1a:90:2c (SSID='CienPesos' freq=2412 MHz)]
V/WifiMonitor( 1043): Event [CTRL-EVENT-STATE-CHANGE id=-1 state=3 BSSID=00:22:75:1a:90:2c]
V/WifiStateTracker( 1043): Changing supplicant state: SCANNING ==> ASSOCIATING
W/WifiService( 1043): misformatted scan result for: 00:13:92:42:11:99	2437	169	[WPA-PSK-CCMP]	
W/WifiService( 1043): misformatted scan result for: 00:13:92:02:11:99	2437	168	[WPA-PSK-TKIP]	
W/WifiService( 1043): misformatted scan result for: 00:13:92:42:11:99	2437	169	[WPA-PSK-CCMP]	
W/WifiService( 1043): misformatted scan result for: 00:13:92:02:11:99	2437	168	[WPA-PSK-TKIP]	
D/dalvikvm(16217): GC_CONCURRENT freed 480K, 47% free 3464K/6471K, external 4K/516K, paused 3ms+2ms
I/wpa_supplicant(14807): CTRL-EVENT-STATE-CHANGE id=0 state=4 BSSID=00:22:75:1a:90:2c
V/WifiMonitor( 1043): Event [CTRL-EVENT-STATE-CHANGE id=0 state=4 BSSID=00:22:75:1a:90:2c]
V/WifiStateTracker( 1043): Changing supplicant state: ASSOCIATING ==> ASSOCIATED
I/wpa_supplicant(14807): Associated with 00:22:75:1a:90:2c
V/WifiMonitor( 1043): Event [Associated with 00:22:75:1a:90:2c]
I/EventLogService( 1200): Aggregate from 1312812952047 (log), 1312812952047 (data)
I/wpa_supplicant(14807): CTRL-EVENT-STATE-CHANGE id=0 state=5 BSSID=00:00:00:00:00:00
V/WifiMonitor( 1043): Event [CTRL-EVENT-STATE-CHANGE id=0 state=5 BSSID=00:00:00:00:00:00]
V/WifiStateTracker( 1043): Changing supplicant state: ASSOCIATED ==> FOUR_WAY_HANDSHAKE
D/dalvikvm( 1200): GC_FOR_MALLOC freed 249K, 43% free 4087K/7111K, external 0K/512K, paused 49ms
I/wpa_supplicant(14807): CTRL-EVENT-STATE-CHANGE id=0 state=5 BSSID=00:00:00:00:00:00
V/WifiMonitor( 1043): Event [CTRL-EVENT-STATE-CHANGE id=0 state=5 BSSID=00:00:00:00:00:00]
V/WifiStateTracker( 1043): Changing supplicant state: FOUR_WAY_HANDSHAKE ==> FOUR_WAY_HANDSHAKE
I/wpa_supplicant(14807): CTRL-EVENT-STATE-CHANGE id=0 state=6 BSSID=00:00:00:00:00:00
V/WifiMonitor( 1043): Event [CTRL-EVENT-STATE-CHANGE id=0 state=6 BSSID=00:00:00:00:00:00]
V/WifiStateTracker( 1043): Changing supplicant state: FOUR_WAY_HANDSHAKE ==> GROUP_HANDSHAKE
I/wpa_supplicant(14807): WPA: Key negotiation completed with 00:22:75:1a:90:2c [PTK=CCMP GTK=CCMP]
V/WifiMonitor( 1043): Event [WPA: Key negotiation completed with 00:22:75:1a:90:2c [PTK=CCMP GTK=CCMP]]
I/wpa_supplicant(14807): CTRL-EVENT-STATE-CHANGE id=0 state=7 BSSID=00:00:00:00:00:00
V/WifiMonitor( 1043): Event [CTRL-EVENT-STATE-CHANGE id=0 state=7 BSSID=00:00:00:00:00:00]
V/WifiStateTracker( 1043): Changing supplicant state: GROUP_HANDSHAKE ==> COMPLETED
I/wpa_supplicant(14807): CTRL-EVENT-CONNECTED - Connection to 00:22:75:1a:90:2c completed (reauth) [id=0 id_str=]
V/WifiMonitor( 1043): Event [CTRL-EVENT-CONNECTED - Connection to 00:22:75:1a:90:2c completed (reauth) [id=0 id_str=]]
V/WifiStateTracker( 1043): New network state is CONNECTED
D/WifiStateTracker( 1043): DHCP renewal started
D/dalvikvm(16217): GC_CONCURRENT freed 291K, 45% free 3561K/6471K, external 4K/516K, paused 2ms+4ms
D/dalvikvm(16217): GC_FOR_MALLOC freed 214K, 46% free 3588K/6599K, external 4K/516K, paused 35ms
I/dalvikvm-heap(16217): Grow heap (frag case) to 6.072MB for 164372-byte allocation
D/dalvikvm(10858): GC_EXPLICIT freed 145K, 51% free 2928K/5959K, external 66K/512K, paused 42ms
D/dalvikvm(16217): GC_FOR_MALLOC freed 80K, 46% free 3668K/6791K, external 4K/516K, paused 28ms
D/dalvikvm(16217): GC_FOR_MALLOC freed 5K, 44% free 3812K/6791K, external 4K/516K, paused 28ms
I/dalvikvm-heap(16217): Grow heap (frag case) to 6.249MB for 120332-byte allocation
D/dalvikvm(16217): GC_FOR_MALLOC freed 0K, 44% free 3930K/6919K, external 4K/516K, paused 26ms
D/dalvikvm(16217): GC_FOR_MALLOC freed <1K, 44% free 3930K/6919K, external 4K/516K, paused 17ms
I/dalvikvm-heap(16217): Grow heap (frag case) to 6.306MB for 60174-byte allocation
D/dalvikvm(16217): GC_FOR_MALLOC freed 0K, 43% free 3988K/6983K, external 4K/516K, paused 17ms
D/dalvikvm(16217): GC_FOR_MALLOC freed 117K, 45% free 3871K/6983K, external 4K/516K, paused 17ms
I/dalvikvm-heap(16217): Grow heap (frag case) to 6.421MB for 240648-byte allocation
D/dalvikvm(16217): GC_FOR_MALLOC freed 0K, 44% free 4106K/7239K, external 4K/516K, paused 16ms
D/dalvikvm(16217): GC_FOR_MALLOC freed <1K, 44% free 4106K/7239K, external 4K/516K, paused 16ms
I/dalvikvm-heap(16217): Grow heap (frag case) to 6.536MB for 120332-byte allocation
D/dalvikvm(16217): GC_FOR_MALLOC freed 0K, 43% free 4223K/7367K, external 4K/516K, paused 17ms
D/dalvikvm(16217): GC_CONCURRENT freed 529K, 45% free 4091K/7367K, external 4K/516K, paused 3ms+2ms
D/dalvikvm(16217): GC_CONCURRENT freed 303K, 44% free 4183K/7367K, external 4K/516K, paused 4ms+3ms
D/dalvikvm(16217): GC_CONCURRENT freed 354K, 43% free 4225K/7367K, external 4K/516K, paused 2ms+4ms
D/dalvikvm(16217): GC_CONCURRENT freed 354K, 43% free 4269K/7367K, external 4K/516K, paused 2ms+3ms
D/dalvikvm(16217): GC_CONCURRENT freed 598K, 45% free 4081K/7367K, external 4K/516K, paused 2ms+3ms
D/dalvikvm(16217): GC_CONCURRENT freed 778K, 49% free 3815K/7367K, external 14K/516K, paused 7ms+3ms
D/dalvikvm(16217): GC_CONCURRENT freed 481K, 49% free 3825K/7367K, external 14K/516K, paused 2ms+4ms
D/GoogleVoice(10791): call interceptor component name = ComponentInfo{com.google.android.apps.googlevoice/com.google.android.apps.googlevoice.CallInterceptor}
D/dalvikvm(13884): GC_EXPLICIT freed 221K, 49% free 3110K/6023K, external 1703K/2190K, paused 38ms
D/dalvikvm(16217): GC_CONCURRENT freed 342K, 48% free 3881K/7367K, external 14K/516K, paused 1ms+2ms
I/ActivityManager( 1043): No longer want com.wsl.noom (pid 15229): hidden #16
D/        (  980): NVRM_DAEMON(1109): pm_notifier_thread: calling power NvddkAudioFxSuspend(true)
D/        (  980): @@(Audiofx_transport)@@   NvAudioFxDriverSuspend()  	  CHR_TEST!! 
D/        (  980): NVRM_DAEMON(1114): pm_notifier_thread: calling power NvddkAudioFxSuspend(false)
D/        (  980): @@(Audiofx_transport)@@   NvAudioFxDriverSuspend()  	  CHR_TEST!! 
D/        (  980): NVRM_DAEMON(1109): pm_notifier_thread: calling power NvddkAudioFxSuspend(true)
D/        (  980): @@(Audiofx_transport)@@   NvAudioFxDriverSuspend()  	  CHR_TEST!! 
D/        (  980): NVRM_DAEMON(1114): pm_notifier_thread: calling power NvddkAudioFxSuspend(false)
D/        (  980): @@(Audiofx_transport)@@   NvAudioFxDriverSuspend()  	  CHR_TEST!! 
D/dalvikvm(10924): GC_EXPLICIT freed 115K, 50% free 3196K/6279K, external 0K/0K, paused 23ms
D/        (  980): NVRM_DAEMON(1109): pm_notifier_thread: calling power NvddkAudioFxSuspend(true)
D/        (  980): @@(Audiofx_transport)@@   NvAudioFxDriverSuspend()  	  CHR_TEST!! 
D/        (  980): NVRM_DAEMON(1114): pm_notifier_thread: calling power NvddkAudioFxSuspend(false)
D/        (  980): @@(Audiofx_transport)@@   NvAudioFxDriverSuspend()  	  CHR_TEST!! 
D/dalvikvm( 1581): GC_CONCURRENT freed 276K, 51% free 3080K/6215K, external 0K/0K, paused 1ms+19ms
D/        (  980): NVRM_DAEMON(1109): pm_notifier_thread: calling power NvddkAudioFxSuspend(true)
D/        (  980): @@(Audiofx_transport)@@   NvAudioFxDriverSuspend()  	  CHR_TEST!! 
D/        (  980): NVRM_DAEMON(1114): pm_notifier_thread: calling power NvddkAudioFxSuspend(false)
D/        (  980): @@(Audiofx_transport)@@   NvAudioFxDriverSuspend()  	  CHR_TEST!! 
D/        (  980): NVRM_DAEMON(1109): pm_notifier_thread: calling power NvddkAudioFxSuspend(true)
D/        (  980): @@(Audiofx_transport)@@   NvAudioFxDriverSuspend()  	  CHR_TEST!! 
D/        (  980): NVRM_DAEMON(1114): pm_notifier_thread: calling power NvddkAudioFxSuspend(false)
D/        (  980): @@(Audiofx_transport)@@   NvAudioFxDriverSuspend()  	  CHR_TEST!! 
D/        (  980): NVRM_DAEMON(1109): pm_notifier_thread: calling power NvddkAudioFxSuspend(true)
D/        (  980): @@(Audiofx_transport)@@   NvAudioFxDriverSuspend()  	  CHR_TEST!! 
D/        (  980): NVRM_DAEMON(1114): pm_notifier_thread: calling power NvddkAudioFxSuspend(false)
D/        (  980): @@(Audiofx_transport)@@   NvAudioFxDriverSuspend()  	  CHR_TEST!! 
D/        (  980): NVRM_DAEMON(1109): pm_notifier_thread: calling power NvddkAudioFxSuspend(true)
D/        (  980): @@(Audiofx_transport)@@   NvAudioFxDriverSuspend()  	  CHR_TEST!! 
D/AirMail (10611): keepalive read
D/        (  980): NVRM_DAEMON(1114): pm_notifier_thread: calling power NvddkAudioFxSuspend(false)
D/        (  980): @@(Audiofx_transport)@@   NvAudioFxDriverSuspend()  	  CHR_TEST!! 
D/        (  980): NVRM_DAEMON(1109): pm_notifier_thread: calling power NvddkAudioFxSuspend(true)
D/        (  980): @@(Audiofx_transport)@@   NvAudioFxDriverSuspend()  	  CHR_TEST!! 
D/        (  980): NVRM_DAEMON(1114): pm_notifier_thread: calling power NvddkAudioFxSuspend(false)
D/        (  980): @@(Audiofx_transport)@@   NvAudioFxDriverSuspend()  	  CHR_TEST!! 
D/        (  980): NVRM_DAEMON(1109): pm_notifier_thread: calling power NvddkAudioFxSuspend(true)
D/        (  980): @@(Audiofx_transport)@@   NvAudioFxDriverSuspend()  	  CHR_TEST!! 
D/        (  980): NVRM_DAEMON(1114): pm_notifier_thread: calling power NvddkAudioFxSuspend(false)
D/        (  980): @@(Audiofx_transport)@@   NvAudioFxDriverSuspend()  	  CHR_TEST!! 
D/        (  980): NVRM_DAEMON(1109): pm_notifier_thread: calling power NvddkAudioFxSuspend(true)
D/        (  980): @@(Audiofx_transport)@@   NvAudioFxDriverSuspend()  	  CHR_TEST!! 
D/        (  980): NVRM_DAEMON(1114): pm_notifier_thread: calling power NvddkAudioFxSuspend(false)
D/        (  980): @@(Audiofx_transport)@@   NvAudioFxDriverSuspend()  	  CHR_TEST!! 
D/dalvikvm(16217): GC_CONCURRENT freed 564K, 49% free 3829K/7367K, external 14K/516K, paused 3ms+4ms
D/dalvikvm(16217): GC_CONCURRENT freed 626K, 52% free 3605K/7367K, external 4K/516K, paused 3ms+3ms
E/dhcpcd  (16238): timed out
E/WifiStateTracker( 1043): DHCP renewal failed: DHCP result was failed
I/wpa_supplicant(14807): CTRL-EVENT-STATE-CHANGE id=0 state=8 BSSID=00:00:00:00:00:00
V/WifiMonitor( 1043): Event [CTRL-EVENT-STATE-CHANGE id=0 state=8 BSSID=00:00:00:00:00:00]
V/WifiStateTracker( 1043): Changing supplicant state: COMPLETED ==> DORMANT
D/WifiStateTracker( 1043): Reset connections and stopping DHCP
I/wpa_supplicant(14807): CTRL-EVENT-DISCONNECTED - Disconnect event - remove keys
V/WifiMonitor( 1043): Event [CTRL-EVENT-DISCONNECTED - Disconnect event - remove keys]
D/dalvikvm(11381): GC_EXPLICIT freed 180K, 48% free 3326K/6279K, external 0K/0K, paused 25ms
I/wpa_supplicant(14807): CTRL-EVENT-STATE-CHANGE id=-1 state=8 BSSID=00:00:00:00:00:00
V/WifiMonitor( 1043): Event [CTRL-EVENT-STATE-CHANGE id=-1 state=8 BSSID=00:00:00:00:00:00]
D/WifiStateTracker( 1043): Disabling interface
I/Jni WCMLinkStatus ( 1150):  ssid: CienPesos MAC: 78:D6:F0:41:57:47  bssid: 00:22:75:1a:90:2c ipaddr: 192.168.2.6 connected: 0
I/Jni WCMLinkStatus ( 1150): addr: Oxc0a80206
V/WifiStateTracker( 1043): New network state is DISCONNECTED
V/WifiStateTracker( 1043): Changing supplicant state: DORMANT ==> DORMANT
E/ConnectivityService( 1043): Attempt to connect to WIFI failed.
D/Tethering( 1043): MasterInitialState.processMessage what=3
D/AGPS    ( 1043): lge_ril_update_network_state: ver = M6600A-SCAUTNZ-2.0.9720T  1  [MAR 27 2011 10:00:00] MP:TRULGE_08.09.02R_MDM
D/AGPS    ( 1043): lge_ril_update_network_state: ip = 26.197.4.81
D/AGPS    ( 1043): lge_ril_update_network_state: apn undefined, type - wifi DISCONNECTED. 
D/AGPS    ( 1043): lge_ril_update_network_state, ip = disconnected
D/AGPS    ( 1043): lge_ril_update_network_state, dns1 = disconnected
D/AGPS    ( 1043): lge_ril_update_network_state, dns2 = disconnected
D/CMStats ( 8834): CONNECTIVITY_ACTION: noConnectivity = false
D/Tethering( 1043): MasterInitialState.processMessage what=3
D/GTalkService( 1200): [GTalkConnection.1] ### networkStateChanged: detected duplicate network broadcast ( 0/CONNECTED), do nothing
D/AGPS    ( 1043): lge_ril_update_network_state: ver = M6600A-SCAUTNZ-2.0.9720T  1  [MAR 27 2011 10:00:00] MP:TRULGE_08.09.02R_MDM
D/AGPS    ( 1043): lge_ril_update_network_state: ip = 26.197.4.81
D/AGPS    ( 1043): lge_ril_update_network_state: apn epc.tmobile.com, type - mobile CONNECTED. 
D/AGPS    ( 1043): lge_ril_update_network_state, ip = 26.197.4.81
D/AGPS    ( 1043): lge_ril_update_network_state, dns1 = 10.177.0.34
D/AGPS    ( 1043): lge_ril_update_network_state, dns2 = 10.177.0.34
I/MediaUploader( 8845): No need to wake up
W/GooglePlusOne(10924): ImageManagerBroadcastReceiver calling ImageManager.clearErrors
I/AirMail (10611): Connectivity changed: connected=true, network type=mobile
I/AirMail (10611): Connectivity changed: connected=true, network type=mobile
D/Beautiful Widgets(10858): CONNECTIVITY_CHANGE
D/MediaUploader(10924): PhoneStateBroadcastReceiver.onReceive: Intent { act=android.net.conn.CONNECTIVITY_CHANGE flg=0x10000000 cmp=com.google.android.apps.plus/com.google.android.apps.uploader.PhoneStateBroadcastReceiver (has extras) }
D/MediaUploader(10924): Wifi diconnected
D/MediaUploader(10924): updateQueueState: RUNNING
D/CMStats ( 8834): CONNECTIVITY_ACTION: noConnectivity = false
D/GoogleVoice(10791): MASFUpdateSettingsRpc.createRequestPayload: ENT
D/GoogleVoice(10791): MASFUpdateSettingsRpc.createRequestPayload: RET
I/MediaUploader( 8845): No need to wake up
I/System.out(10791): [INFO:30663856]: LogSource: Running flush
D/Beautiful Widgets(10858): CONNECTIVITY_CHANGE
D/dalvikvm( 1043): GC_EXPLICIT freed 893K, 40% free 7372K/12231K, external 4208K/5078K, paused 64ms
D/MediaUploader(10924): PhoneStateBroadcastReceiver.onReceive: Intent { act=android.net.conn.CONNECTIVITY_CHANGE flg=0x10000000 cmp=com.google.android.apps.plus/com.google.android.apps.uploader.PhoneStateBroadcastReceiver (has extras) }
D/MediaUploader(10924): Mobile connected
D/MediaUploader(10924): updateQueueState: RUNNING
D/MediaUploader(10924): UploadService.onHandleIntent: Intent { act=com.google.android.apps.uploader.action.UPLOAD_WAKEUP cmp=com.google.android.apps.plus/com.google.android.apps.uploader.UploadService }
I/RealTimeChat(10924): Connecting to backend for gjtorikian@gmail.com
D/MediaUploader(10924): UploadsQueue.getAllPending: elapsed msec=3
D/MediaUploader(10924): UploadsQueue.getAllPending: elapsed msec=6
D/MediaUploader(10924): updateQueueState: RUNNING
D/dalvikvm(16217): GC_CONCURRENT freed 445K, 51% free 3619K/7367K, external 4K/516K, paused 2ms+2ms
I/wpa_supplicant(14807): CTRL-EVENT-STATE-CHANGE id=-1 state=2 BSSID=00:00:00:00:00:00
V/WifiMonitor( 1043): Event [CTRL-EVENT-STATE-CHANGE id=-1 state=2 BSSID=00:00:00:00:00:00]
V/WifiStateTracker( 1043): Changing supplicant state: DORMANT ==> SCANNING
D/dalvikvm(16217): GC_CONCURRENT freed 476K, 51% free 3654K/7367K, external 4K/516K, paused 1ms+2ms
D/dalvikvm(16217): GC_CONCURRENT freed 416K, 51% free 3656K/7367K, external 4K/516K, paused 3ms+12ms
D/dalvikvm(16217): GC_CONCURRENT freed 453K, 51% free 3664K/7367K, external 4K/516K, paused 2ms+2ms
I/wpa_supplicant(14807): Trying to associate with 00:22:75:1a:90:2c (SSID='CienPesos' freq=2412 MHz)
I/wpa_supplicant(14807): CTRL-EVENT-STATE-CHANGE id=-1 state=3 BSSID=00:22:75:1a:90:2c
V/WifiMonitor( 1043): Event [Trying to associate with 00:22:75:1a:90:2c (SSID='CienPesos' freq=2412 MHz)]
V/WifiMonitor( 1043): Event [CTRL-EVENT-STATE-CHANGE id=-1 state=3 BSSID=00:22:75:1a:90:2c]
V/WifiStateTracker( 1043): Changing supplicant state: SCANNING ==> ASSOCIATING
I/wpa_supplicant(14807): CTRL-EVENT-STATE-CHANGE id=0 state=4 BSSID=00:22:75:1a:90:2c
V/WifiMonitor( 1043): Event [CTRL-EVENT-STATE-CHANGE id=0 state=4 BSSID=00:22:75:1a:90:2c]
V/WifiStateTracker( 1043): Changing supplicant state: ASSOCIATING ==> ASSOCIATED
I/wpa_supplicant(14807): Associated with 00:22:75:1a:90:2c
V/WifiMonitor( 1043): Event [Associated with 00:22:75:1a:90:2c]
I/wpa_supplicant(14807): CTRL-EVENT-STATE-CHANGE id=0 state=5 BSSID=00:00:00:00:00:00
V/WifiMonitor( 1043): Event [CTRL-EVENT-STATE-CHANGE id=0 state=5 BSSID=00:00:00:00:00:00]
V/WifiStateTracker( 1043): Changing supplicant state: ASSOCIATED ==> FOUR_WAY_HANDSHAKE
I/wpa_supplicant(14807): CTRL-EVENT-STATE-CHANGE id=0 state=5 BSSID=00:00:00:00:00:00
V/WifiMonitor( 1043): Event [CTRL-EVENT-STATE-CHANGE id=0 state=5 BSSID=00:00:00:00:00:00]
V/WifiStateTracker( 1043): Changing supplicant state: FOUR_WAY_HANDSHAKE ==> FOUR_WAY_HANDSHAKE
I/wpa_supplicant(14807): CTRL-EVENT-STATE-CHANGE id=0 state=6 BSSID=00:00:00:00:00:00
V/WifiMonitor( 1043): Event [CTRL-EVENT-STATE-CHANGE id=0 state=6 BSSID=00:00:00:00:00:00]
V/WifiStateTracker( 1043): Changing supplicant state: FOUR_WAY_HANDSHAKE ==> GROUP_HANDSHAKE
I/wpa_supplicant(14807): WPA: Key negotiation completed with 00:22:75:1a:90:2c [PTK=CCMP GTK=CCMP]
V/WifiMonitor( 1043): Event [WPA: Key negotiation completed with 00:22:75:1a:90:2c [PTK=CCMP GTK=CCMP]]
I/wpa_supplicant(14807): CTRL-EVENT-STATE-CHANGE id=0 state=7 BSSID=00:00:00:00:00:00
V/WifiMonitor( 1043): Event [CTRL-EVENT-STATE-CHANGE id=0 state=7 BSSID=00:00:00:00:00:00]
V/WifiStateTracker( 1043): Changing supplicant state: GROUP_HANDSHAKE ==> COMPLETED
I/wpa_supplicant(14807): CTRL-EVENT-CONNECTED - Connection to 00:22:75:1a:90:2c completed (reauth) [id=0 id_str=]
V/WifiMonitor( 1043): Event [CTRL-EVENT-CONNECTED - Connection to 00:22:75:1a:90:2c completed (reauth) [id=0 id_str=]]
V/WifiStateTracker( 1043): New network state is CONNECTED
D/WifiStateTracker( 1043): DHCP renewal started
I/System.out(10791): [INFO:30668856]: LogSource: Running delayed flush
I/System.out(10791): [INFO:30668868]: LogSource: Running flush
D/dalvikvm(14949): GC_EXPLICIT freed 13K, 51% free 2688K/5379K, external 0K/0K, paused 75ms
I/System.out(10791): [INFO:30673869]: LogSource: Running delayed flush
I/System.out(10791): [INFO:30673881]: LogSource: Running flush
D/dalvikvm( 1581): GC_EXPLICIT freed 262K, 51% free 3066K/6215K, external 0K/0K, paused 87ms
I/System.out(10791): [INFO:30678883]: LogSource: Running delayed flush
I/System.out(10791): [INFO:30678895]: LogSource: Running flush
I/RealTimeChat(10924): Sending ping to bunch
D/dalvikvm( 8834): GC_EXPLICIT freed 55K, 51% free 2683K/5379K, external 0K/0K, paused 32ms
I/System.out(10791): [INFO:30683896]: LogSource: Running delayed flush
I/System.out(10791): [INFO:30683908]: LogSource: Running flush
D/        (  980): NVRM_DAEMON(1109): pm_notifier_thread: calling power NvddkAudioFxSuspend(true)
D/        (  980): @@(Audiofx_transport)@@   NvAudioFxDriverSuspend()  	  CHR_TEST!! 
D/        (  980): NVRM_DAEMON(1114): pm_notifier_thread: calling power NvddkAudioFxSuspend(false)
D/        (  980): @@(Audiofx_transport)@@   NvAudioFxDriverSuspend()  	  CHR_TEST!! 
D/        (  980): NVRM_DAEMON(1109): pm_notifier_thread: calling power NvddkAudioFxSuspend(true)
D/        (  980): @@(Audiofx_transport)@@   NvAudioFxDriverSuspend()  	  CHR_TEST!! 
D/        (  980): NVRM_DAEMON(1114): pm_notifier_thread: calling power NvddkAudioFxSuspend(false)
D/        (  980): @@(Audiofx_transport)@@   NvAudioFxDriverSuspend()  	  CHR_TEST!! 
D/        (  980): NVRM_DAEMON(1109): pm_notifier_thread: calling power NvddkAudioFxSuspend(true)
D/        (  980): @@(Audiofx_transport)@@   NvAudioFxDriverSuspend()  	  CHR_TEST!! 
D/        (  980): NVRM_DAEMON(1114): pm_notifier_thread: calling power NvddkAudioFxSuspend(false)
D/        (  980): @@(Audiofx_transport)@@   NvAudioFxDriverSuspend()  	  CHR_TEST!! 
D/        (  980): NVRM_DAEMON(1109): pm_notifier_thread: calling power NvddkAudioFxSuspend(true)
D/        (  980): @@(Audiofx_transport)@@   NvAudioFxDriverSuspend()  	  CHR_TEST!! 
D/        (  980): NVRM_DAEMON(1114): pm_notifier_thread: calling power NvddkAudioFxSuspend(false)
D/        (  980): @@(Audiofx_transport)@@   NvAudioFxDriverSuspend()  	  CHR_TEST!! 
D/AirMail (10611): keepalive read
D/        (  980): NVRM_DAEMON(1109): pm_notifier_thread: calling power NvddkAudioFxSuspend(true)
D/        (  980): @@(Audiofx_transport)@@   NvAudioFxDriverSuspend()  	  CHR_TEST!! 
D/KeyguardViewMediator( 1043): wakeWhenReadyLocked(26)
I/power   ( 1043): *** set_screen_state 1
D/        (  980): NVRM_DAEMON(1114): pm_notifier_thread: calling power NvddkAudioFxSuspend(false)
D/        (  980): @@(Audiofx_transport)@@   NvAudioFxDriverSuspend()  	  CHR_TEST!! 
D/WifiService( 1043): ACTION_SCREEN_ON
I/vsnet   (16374): IP address for cid=1 is 26.197.4.81 
D/        (  980): NVRM_DAEMON(1124): pm_notifier_thread: calling power_displays(true)
I/vsnet   (16375): Starting vsnet0 for cid=1 
I/vsnet   (16378): Default gateway for vsnet0 is 26.197.4.81 
I/vsnet   (16380): ifconfig for vsnet0 finished successfully 
D/        (  980): Auto config value = 0
D/        (  980): [PL] NvOdmDispDevicePowerLevel_On
D/        (  980): ONE SHOT MODE is enabled now !!! 
D/        (  980): [PL] hitachi_cpu480X800_SetBacklight intensity1 =0
D/        (  980): Auto config value = 0
D/        (  980): [PL] hitachi_cpu480X800_SetBacklight intensity1 =102
D/        (  980): [BL] Display_On buf =1
D/        (  980): 
D/        (  980): NVRM_DAEMON(1127): pm_notifier_thread: returned from power_displays(true)
D/dalvikvm( 1149): GC_CONCURRENT freed 419K, 49% free 3142K/6087K, external 0K/0K, paused 3ms+4ms
I/JNI     ( 1150): com_android_kineto_post_rssi_event Enter 
D/SettingsAppWidgetProvider( 8698): Widget is from a previous version... Let's update
D/SettingsAppWidgetProvider( 8698): No instances yet... Wait for at least one instance to exist before adding global settings
W/InputManagerService( 1043): Window already focused, ignoring focus gain of: com.android.internal.view.IInputMethodClient$Stub$Proxy@40b396a8
D/dalvikvm( 1132): GC_EXTERNAL_ALLOC freed 549K, 49% free 3277K/6407K, external 1579K/1657K, paused 26ms
I/wpa_supplicant(14807): CTRL-EVENT-TERMINATING - signal 15 received
I/wpa_supplicant(14807): CTRL-EVENT-TERMINATING - signal 0 received
V/WifiMonitor( 1043): Event [CTRL-EVENT-TERMINATING - signal 15 received]
D/SettingsAppWidgetProvider( 8698): Widget is from a previous version... Let's update
D/SettingsAppWidgetProvider( 8698): No instances yet... Wait for at least one instance to exist before adding global settings
I/wpa_supplicant(14807): CTRL-EVENT-STATE-CHANGE id=0 state=0 BSSID=00:00:00:00:00:00
D/Beautiful Widgets(10858): WIFI_STATE_CHANGED_ACTION
D/        (  980): set continue (1280x960)
D/        (  980): set continue (1280x1024)
D/        (  980): set continue (1280x1024)
D/        (  980): set continue (1360x768)
D/        (  980): set continue (1440x900)
D/        (  980): set continue (1680x1050)
I/WindowManager( 1043): Setting rotation to 3, animFlags=0
D/        (  980): set BetterMode (1280x720)
D/        (  980): set BetterMode (1920x1080)
D/        (  980): set BetterMode (1280x720)
D/        (  980): set BetterMode (1920x1080)
D/        (  980): set BetterMode (1920x1080)
D/        (  980): set BetterMode (1920x1080)
D/        (  980): set BetterMode (1920x1080)
I/ActivityManager( 1043): Config changed: { scale=1.0 imsi=310/260 loc=en_US touch=3 keys=1/1/2 nav=1/1 orien=2 layout=34 uiMode=19 seq=69 themeResource=null}
D/CounterApplication(13901): APP Configuration changed
I/PowerWidget( 1132): Clearing any old widget stuffs
I/PowerWidget( 1132): Setting up widget
I/PowerWidget( 1132): Button list: toggleWifi|toggleSound|toggleBrightness
I/PowerWidget( 1132): Setting up button: toggleWifi
I/PowerWidget( 1132): Setting up button: toggleSound
I/PowerWidget( 1132): Setting up button: toggleBrightness
D/dalvikvm( 1132): GC_EXTERNAL_ALLOC freed 116K, 51% free 3195K/6407K, external 1885K/2038K, paused 23ms
D/dalvikvm( 1132): GC_EXTERNAL_ALLOC freed 52K, 51% free 3144K/6407K, external 2060K/2143K, paused 22ms
D/dalvikvm( 1132): GC_EXTERNAL_ALLOC freed 4K, 51% free 3144K/6407K, external 2060K/2266K, paused 35ms
D/WifiStateTracker( 1043): Reset connections and stopping DHCP
V/WifiStateTracker( 1043): Connection to supplicant lost
I/Jni WCMLinkStatus ( 1150):  ssid: CienPesos MAC: 78:D6:F0:41:57:47  bssid: 00:22:75:1a:90:2c ipaddr: 192.168.2.6 connected: 0
I/Jni WCMLinkStatus ( 1150): addr: Oxc0a80206
D/Tethering( 1043): MasterInitialState.processMessage what=3
D/CMStats ( 8834): CONNECTIVITY_ACTION: noConnectivity = false
I/MediaUploader( 8845): No need to wake up
D/Tethering( 1043): MasterInitialState.processMessage what=3
D/Beautiful Widgets(10858): CONNECTIVITY_CHANGE
D/GTalkService( 1200): [GTalkConnection.1] ### networkStateChanged: detected duplicate network broadcast ( 0/CONNECTED), do nothing
W/GooglePlusOne(10924): ImageManagerBroadcastReceiver calling ImageManager.clearErrors
D/MediaUploader(10924): PhoneStateBroadcastReceiver.onReceive: Intent { act=android.net.conn.CONNECTIVITY_CHANGE flg=0x10000000 cmp=com.google.android.apps.plus/com.google.android.apps.uploader.PhoneStateBroadcastReceiver (has extras) }
D/MediaUploader(10924): Wifi diconnected
D/MediaUploader(10924): updateQueueState: RUNNING
D/CMStats ( 8834): CONNECTIVITY_ACTION: noConnectivity = false
I/MediaUploader( 8845): No need to wake up
D/Beautiful Widgets(10858): CONNECTIVITY_CHANGE
D/MediaUploader(10924): PhoneStateBroadcastReceiver.onReceive: Intent { act=android.net.conn.CONNECTIVITY_CHANGE flg=0x10000000 cmp=com.google.android.apps.plus/com.google.android.apps.uploader.PhoneStateBroadcastReceiver (has extras) }
D/MediaUploader(10924): Mobile connected
D/MediaUploader(10924): updateQueueState: RUNNING
D/AGPS    ( 1043): lge_ril_update_network_state: ver = M6600A-SCAUTNZ-2.0.9720T  1  [MAR 27 2011 10:00:00] MP:TRULGE_08.09.02R_MDM
D/AGPS    ( 1043): lge_ril_update_network_state: ip = 26.197.4.81
D/AGPS    ( 1043): lge_ril_update_network_state: apn undefined, type - wifi DISCONNECTED. 
D/AGPS    ( 1043): lge_ril_update_network_state, ip = disconnected
D/AGPS    ( 1043): lge_ril_update_network_state, dns1 = disconnected
D/AGPS    ( 1043): lge_ril_update_network_state, dns2 = disconnected
I/RealTimeChat(10924): Connecting to backend for gjtorikian@gmail.com
I/AirMail (10611): Connectivity changed: connected=true, network type=mobile
I/AirMail (10611): Connectivity changed: connected=true, network type=mobile
D/AGPS    ( 1043): lge_ril_update_network_state: ver = M6600A-SCAUTNZ-2.0.9720T  1  [MAR 27 2011 10:00:00] MP:TRULGE_08.09.02R_MDM
D/AGPS    ( 1043): lge_ril_update_network_state: ip = 26.197.4.81
D/AGPS    ( 1043): lge_ril_update_network_state: apn epc.tmobile.com, type - mobile CONNECTED. 
D/AGPS    ( 1043): lge_ril_update_network_state, ip = 26.197.4.81
D/AGPS    ( 1043): lge_ril_update_network_state, dns1 = 10.177.0.34
D/AGPS    ( 1043): lge_ril_update_network_state, dns2 = 10.177.0.34
D/MediaUploader(10924): UploadService.onHandleIntent: Intent { act=com.google.android.apps.uploader.action.UPLOAD_WAKEUP cmp=com.google.android.apps.plus/com.google.android.apps.uploader.UploadService }
D/MediaUploader(10924): UploadsQueue.getAllPending: elapsed msec=4
D/MediaUploader(10924): UploadsQueue.getAllPending: elapsed msec=4
D/MediaUploader(10924): updateQueueState: RUNNING
D/dalvikvm( 8871): GC_CONCURRENT freed 349K, 50% free 2963K/5831K, external 0K/0K, paused 2ms+2ms
D/WifiStateTracker( 1043): Disabling interface
E/Tethering( 1043): attempting to remove unknown iface (wlan0), ignoring
D/dalvikvm( 1043): GC_EXPLICIT freed 847K, 41% free 7282K/12231K, external 4652K/5078K, paused 97ms
E/WifiStateTracker( 1043): DHCP renewal failed: DHCP result was failed
I/Jni WCMLinkStatus ( 1150):  ssid: CienPesos MAC: 78:D6:F0:41:57:47  bssid: 00:22:75:1a:90:2c ipaddr: 192.168.2.6 connected: 0
I/Jni WCMLinkStatus ( 1150): addr: Oxc0a80206
D/SettingsAppWidgetProvider( 8698): Widget is from a previous version... Let's update
D/SettingsAppWidgetProvider( 8698): No instances yet... Wait for at least one instance to exist before adding global settings
D/Beautiful Widgets(10858): WIFI_STATE_CHANGED_ACTION
D/AGPS    ( 1043): lge_gps_inject_location START 
I/System.out( 1200): [INFO:47287611]: LogSource: Running flush
I/System.out( 1200): [INFO:47287613]: LogSource: Sending payload [bytes=2695]
D/dalvikvm(13901): GC_EXPLICIT freed 3K, 49% free 2820K/5447K, external 0K/0K, paused 29ms
I/System.out( 1200): [INFO:47292613]: LogSource: Running delayed flush
I/System.out( 1200): [INFO:47292626]: LogSource: Running flush
I/System.out( 1200): [INFO:47292628]: LogSource: Sending payload [bytes=2695]
I/System.out( 1200): [INFO:47297628]: LogSource: Running delayed flush
I/System.out( 1200): [INFO:47297638]: LogSource: Running flush
I/System.out( 1200): [INFO:47297640]: LogSource: Sending payload [bytes=2695]
D/dalvikvm(14094): GC_EXPLICIT freed 128K, 48% free 3677K/6983K, external 0K/0K, paused 50ms
D/dalvikvm( 1200): GC_CONCURRENT freed 496K, 43% free 4102K/7111K, external 0K/512K, paused 4ms+5ms
D/dalvikvm( 1200): GC_CONCURRENT freed 520K, 43% free 4094K/7111K, external 0K/512K, paused 2ms+3ms
D/dalvikvm( 1200): GC_CONCURRENT freed 501K, 43% free 4104K/7111K, external 0K/512K, paused 4ms+3ms
I/System.out( 1200): [INFO:47299827]: LogSource: Response [http=200,length=20]
I/System.out( 1200): [INFO:47299829]: LogSource: Read id 5, status code 200
W/LocationMasfClient( 1200): uploadCollectionReport(): no ReplyElement
I/System.out( 1200): [INFO:47300585]: LogSource: Response [http=200,length=20]
I/System.out( 1200): [INFO:47300587]: LogSource: Read id 5, status code 200
I/System.out( 1200): [INFO:47300875]: LogSource: Response [http=200,length=20]
I/System.out( 1200): [INFO:47300876]: LogSource: Read id 5, status code 200
D/dalvikvm( 1200): GC_CONCURRENT freed 427K, 43% free 4065K/7111K, external 0K/512K, paused 4ms+3ms
D/dalvikvm( 8698): GC_EXPLICIT freed 12K, 49% free 2818K/5447K, external 0K/0K, paused 59ms
D/dalvikvm( 8845): GC_EXPLICIT freed 65K, 50% free 2708K/5379K, external 0K/0K, paused 81ms
D/dalvikvm( 8871): GC_EXPLICIT freed 202K, 53% free 2785K/5831K, external 0K/0K, paused 79ms
D/dalvikvm(15892): GC_EXPLICIT freed 203K, 41% free 3894K/6599K, external 0K/0K, paused 88ms
D/dalvikvm(10791): GC_EXPLICIT freed 286K, 47% free 3537K/6599K, external 148K/530K, paused 86ms
D/dalvikvm(10791): GC_CONCURRENT freed 484K, 46% free 3564K/6599K, external 148K/530K, paused 3ms+2ms
W/KeyCharacterMap( 1132): Can't open keycharmap file
W/KeyCharacterMap( 1132): Error loading keycharmap file '/system/usr/keychars/nvodm_touch.kcm.bin'. hw.keyboards.65541.devname='nvodm_touch'
W/KeyCharacterMap( 1132): Using default keymap: /system/usr/keychars/qwerty.kcm.bin
W/InputManagerService( 1043): Window already focused, ignoring focus gain of: com.android.internal.view.IInputMethodClient$Stub$Proxy@4083e498
D/dalvikvm(10858): GC_EXPLICIT freed 378K, 51% free 2931K/5959K, external 198K/512K, paused 82ms
D/dalvikvm(13884): GC_EXPLICIT freed 75K, 50% free 3069K/6023K, external 1703K/2190K, paused 38ms
V/NotificationService( 1043): Active profile: Default
I/PROFILE ( 1043): Group: Gmail containing : android : false
I/PROFILE ( 1043): Group: Phone containing : android : false
I/PROFILE ( 1043): Group: Calendar containing : android : false
I/PROFILE ( 1043): Group: Email containing : android : false
I/PROFILE ( 1043): Group: SMS containing : android : false
V/ProfileManager( 1043): No active group, returning default: Other
V/NotificationService( 1043): Pkg: android group: Other
D/MediaUploader(10924): PhoneStateBroadcastReceiver.onReceive: Intent { act=android.intent.action.BATTERY_CHANGED flg=0x60000000 (has extras) }
D/MediaUploader(10924): Battery change, level - 29; plugged in - false
D/MediaUploader(10924): updateQueueState: RUNNING
D/MediaUploader(10924): UploadService.onHandleIntent: Intent { act=com.google.android.apps.uploader.action.UPLOAD_WAKEUP cmp=com.google.android.apps.plus/com.google.android.apps.uploader.UploadService }
D/MediaUploader(10924): UploadsQueue.getAllPending: elapsed msec=3
D/MediaUploader(10924): UploadsQueue.getAllPending: elapsed msec=3
D/MediaUploader(10924): updateQueueState: RUNNING
D/dalvikvm(10924): GC_EXPLICIT freed 122K, 50% free 3200K/6279K, external 0K/0K, paused 83ms
I/System.out(10791): [INFO:30954023]: LogSource: Sending payload [bytes=700]
D/dalvikvm(10791): GC_CONCURRENT freed 496K, 46% free 3580K/6599K, external 148K/530K, paused 3ms+4ms
D/dalvikvm(10791): GC_CONCURRENT freed 504K, 46% free 3587K/6599K, external 148K/530K, paused 3ms+3ms
D/dalvikvm(10791): GC_CONCURRENT freed 536K, 47% free 3562K/6599K, external 148K/530K, paused 2ms+2ms
I/System.out(10791): [INFO:30958180]: LogSource: Response [http=200,length=507]
I/System.out(10791): [INFO:30958199]: LogSource: Sending payload [bytes=700]
D/dalvikvm(10791): GC_CONCURRENT freed 323K, 46% free 3627K/6599K, external 148K/530K, paused 3ms+4ms
I/System.out(10791): [INFO:30958419]: LogSource: Read id 61, status code 200
I/System.out(10791): [INFO:30958420]: LogSource: Read id 62, status code 200
I/System.out(10791): [INFO:30958659]: LogSource: Response [http=200,length=507]
I/System.out(10791): [INFO:30958660]: LogSource: Sending payload [bytes=700]
I/System.out(10791): [INFO:30959368]: LogSource: Response [http=200,length=507]
I/System.out(10791): [INFO:30959369]: LogSource: Sending payload [bytes=700]
D/GoogleVoice(10791): call interceptor component name = ComponentInfo{com.google.android.apps.googlevoice/com.google.android.apps.googlevoice.CallInterceptor}
I/power   ( 1043): *** set_screen_state 0
D/        (  980): NVRM_DAEMON(1118): pm_notifier_thread: calling power_displays(false)
D/        (  980): [PL] hitachi_cpu480X800_SetBacklight intensity1 =0
D/        (  980): [BL] Display_Off buf =0
D/        (  980): 
D/        (  980): [PL] NvOdmDispDevicePowerLevel_Suspend
D/        (  980): [BKL] hitachipanel_BacklightRelease
D/        (  980): [BL] Display_Off buf =0
D/        (  980): 
D/        (  980): NVRM_DAEMON(1121): pm_notifier_thread: returned from power_displays(false)
W/IInputConnectionWrapper(14889): getExtractedText on inactive InputConnection
W/IInputConnectionWrapper(14889): getExtractedText on inactive InputConnection
W/IInputConnectionWrapper(14889): getExtractedText on inactive InputConnection
D/        (  980): NVRM_DAEMON(1109): pm_notifier_thread: calling power NvddkAudioFxSuspend(true)
D/        (  980): @@(Audiofx_transport)@@   NvAudioFxDriverSuspend()  	  CHR_TEST!! 
W/IInputConnectionWrapper(14889): getExtractedText on inactive InputConnection
D/        (  980): NVRM_DAEMON(1114): pm_notifier_thread: calling power NvddkAudioFxSuspend(false)
D/        (  980): @@(Audiofx_transport)@@   NvAudioFxDriverSuspend()  	  CHR_TEST!! 
D/dalvikvm( 1043): GC_EXTERNAL_ALLOC freed 282K, 41% free 7253K/12231K, external 2079K/2105K, paused 97ms
D/dalvikvm( 1043): GC_EXTERNAL_ALLOC freed 33K, 41% free 7233K/12231K, external 2449K/2666K, paused 93ms
D/dalvikvm( 1043): GC_EXTERNAL_ALLOC freed 4K, 41% free 7237K/12231K, external 3446K/3564K, paused 62ms
D/dalvikvm( 1043): GC_EXTERNAL_ALLOC freed 7K, 41% free 7239K/12231K, external 4620K/4809K, paused 57ms
W/IInputConnectionWrapper(14889): getExtractedText on inactive InputConnection
W/IInputConnectionWrapper(14889): getExtractedText on inactive InputConnection
W/IInputConnectionWrapper(14889): getExtractedText on inactive InputConnection
D/        (  980): NVRM_DAEMON(1109): pm_notifier_thread: calling power NvddkAudioFxSuspend(true)
D/        (  980): @@(Audiofx_transport)@@   NvAudioFxDriverSuspend()  	  CHR_TEST!! 
W/IInputConnectionWrapper(14889): getExtractedText on inactive InputConnection
D/        (  980): NVRM_DAEMON(1114): pm_notifier_thread: calling power NvddkAudioFxSuspend(false)
D/        (  980): @@(Audiofx_transport)@@   NvAudioFxDriverSuspend()  	  CHR_TEST!! 
D/AirMail (10611): keepalive read
D/        (  980): NVRM_DAEMON(1109): pm_notifier_thread: calling power NvddkAudioFxSuspend(true)
D/        (  980): @@(Audiofx_transport)@@   NvAudioFxDriverSuspend()  	  CHR_TEST!! 
D/        (  980): NVRM_DAEMON(1114): pm_notifier_thread: calling power NvddkAudioFxSuspend(false)
D/        (  980): @@(Audiofx_transport)@@   NvAudioFxDriverSuspend()  	  CHR_TEST!! 
I/Gmail   (11381): MainSyncRequestProto: lowestBkwdConvoId: 0, highestHandledServerOp: 546810, normalSync: true
D/        (  980): NVRM_DAEMON(1109): pm_notifier_thread: calling power NvddkAudioFxSuspend(true)
D/        (  980): @@(Audiofx_transport)@@   NvAudioFxDriverSuspend()  	  CHR_TEST!! 
D/        (  980): NVRM_DAEMON(1114): pm_notifier_thread: calling power NvddkAudioFxSuspend(false)
D/        (  980): @@(Audiofx_transport)@@   NvAudioFxDriverSuspend()  	  CHR_TEST!! 
D/dalvikvm(11381): GC_CONCURRENT freed 457K, 48% free 3318K/6279K, external 0K/0K, paused 3ms+2ms
D/dalvikvm(11381): GC_CONCURRENT freed 475K, 48% free 3296K/6279K, external 0K/0K, paused 2ms+2ms
D/dalvikvm(11381): GC_CONCURRENT freed 385K, 48% free 3308K/6279K, external 0K/0K, paused 2ms+4ms
D/dalvikvm(11381): GC_EXPLICIT freed 382K, 48% free 3280K/6279K, external 0K/0K, paused 40ms
I/Gmail   (11381): MainSyncRequestProto: lowestBkwdConvoId: 0, highestHandledServerOp: 546849, normalSync: true
D/dalvikvm(14094): GC_EXPLICIT freed 28K, 48% free 3651K/6983K, external 0K/0K, paused 39ms
D/dalvikvm(11381): GC_FOR_MALLOC freed 58K, 47% free 3380K/6279K, external 0K/0K, paused 27ms
D/Gmail   (11381): Inserting message 1376586778194423927. synced=true
D/dalvikvm(11381): GC_EXPLICIT freed 186K, 48% free 3287K/6279K, external 0K/0K, paused 38ms
I/Gmail   (11381): getStartSyncRequest: handledServerOpId: 546852, upperFetchedConvoId: 1375108412711370752, lowerFetchedConvoId: 0, ackedClientOp: 228
D/dalvikvm(10858): GC_EXPLICIT freed 29K, 51% free 2928K/5959K, external 0K/512K, paused 86ms
D/dalvikvm(13884): GC_EXPLICIT freed 19K, 50% free 3068K/6023K, external 1703K/2190K, paused 57ms
I/Gmail   (11381): checkLabelsSets changed the label sets to: included([^^out, ^r]), partial([^i, ^f, ^iim]), all([my-big-mail, sent-messages, events, [imap]-drafts, ^iim, ^all, ^io_im, ^sps, ^act, joyce, ^urg_2, ^urg_1, facebook, me, doc-levity, ^i, ^g, my-really-big-mail, ^f, ^vm, ^rr, ^k, my-ultra-big-mail, ^ig, cs, ^b, project, ^urg_5, ^urg_4, ^urg_3, ^p, chatlabels, ^o, ^t, ^u, ^punsub, marifer, ^r, ^unsub, bills, ^s])
D/dalvikvm(11381): GC_EXPLICIT freed 218K, 48% free 3280K/6279K, external 0K/0K, paused 33ms
I/Gmail   (11381): MainSyncRequestProto: lowestBkwdConvoId: 0, highestHandledServerOp: 546852, normalSync: true
I/Gmail   (11381): Sending notification intent: Intent { act=android.intent.action.PROVIDER_CHANGED dat=content://gmail-ls/unread/^i (has extras) }
V/NotificationService( 1043): Active profile: Default
I/PROFILE ( 1043): Group: Gmail containing : com.google.android.gm : true
V/NotificationService( 1043): Pkg: com.google.android.gm group: Gmail
I/Gmail   (11381): MainSyncRequestProto: lowestBkwdConvoId: 0, highestHandledServerOp: 546852, normalSync: true
D/dalvikvm(11381): GC_EXPLICIT freed 98K, 48% free 3301K/6279K, external 0K/0K, paused 39ms
I/Gmail   (11381): MainSyncRequestProto: lowestBkwdConvoId: 0, highestHandledServerOp: 546858, normalSync: true
D/        (  980): NVRM_DAEMON(1109): pm_notifier_thread: calling power NvddkAudioFxSuspend(true)
D/        (  980): @@(Audiofx_transport)@@   NvAudioFxDriverSuspend()  	  CHR_TEST!! 
D/        (  980): NVRM_DAEMON(1114): pm_notifier_thread: calling power NvddkAudioFxSuspend(false)
D/        (  980): @@(Audiofx_transport)@@   NvAudioFxDriverSuspend()  	  CHR_TEST!! 
D/        (  980): NVRM_DAEMON(1109): pm_notifier_thread: calling power NvddkAudioFxSuspend(true)
D/        (  980): @@(Audiofx_transport)@@   NvAudioFxDriverSuspend()  	  CHR_TEST!! 
D/        (  980): NVRM_DAEMON(1114): pm_notifier_thread: calling power NvddkAudioFxSuspend(false)
D/        (  980): @@(Audiofx_transport)@@   NvAudioFxDriverSuspend()  	  CHR_TEST!! 
D/        (  980): NVRM_DAEMON(1109): pm_notifier_thread: calling power NvddkAudioFxSuspend(true)
D/        (  980): @@(Audiofx_transport)@@   NvAudioFxDriverSuspend()  	  CHR_TEST!! 
D/        (  980): NVRM_DAEMON(1114): pm_notifier_thread: calling power NvddkAudioFxSuspend(false)
D/        (  980): @@(Audiofx_transport)@@   NvAudioFxDriverSuspend()  	  CHR_TEST!! 
D/        (  980): NVRM_DAEMON(1109): pm_notifier_thread: calling power NvddkAudioFxSuspend(true)
D/        (  980): @@(Audiofx_transport)@@   NvAudioFxDriverSuspend()  	  CHR_TEST!! 
D/        (  980): NVRM_DAEMON(1114): pm_notifier_thread: calling power NvddkAudioFxSuspend(false)
D/        (  980): @@(Audiofx_transport)@@   NvAudioFxDriverSuspend()  	  CHR_TEST!! 
D/AirMail (10611): keepalive read
