D/        (  980): NVRM_DAEMON(1109): pm_notifier_thread: calling power NvddkAudioFxSuspend(true)
D/        (  980): @@(Audiofx_transport)@@   NvAudioFxDriverSuspend()  	  CHR_TEST!! 
D/        (  980): NVRM_DAEMON(1114): pm_notifier_thread: calling power NvddkAudioFxSuspend(false)
D/        (  980): @@(Audiofx_transport)@@   NvAudioFxDriverSuspend()  	  CHR_TEST!! 
D/        (  980): NVRM_DAEMON(1109): pm_notifier_thread: calling power NvddkAudioFxSuspend(true)
D/        (  980): @@(Audiofx_transport)@@   NvAudioFxDriverSuspend()  	  CHR_TEST!! 
I/AirMail (10611): Service started with intent=Intent { act=com.urbanairship.airmail.HEARTBEAT flg=0x4 cmp=com.urbanairship.airmail/.AirMailService (has extras) }
D/        (  980): NVRM_DAEMON(1114): pm_notifier_thread: calling power NvddkAudioFxSuspend(false)
D/        (  980): @@(Audiofx_transport)@@   NvAudioFxDriverSuspend()  	  CHR_TEST!! 
D/AirMail (10611): ** HB - AirMailService started: true
D/AirMail (10611): ** HB - threadRunning: true
D/        (  980): NVRM_DAEMON(1109): pm_notifier_thread: calling power NvddkAudioFxSuspend(true)
D/        (  980): @@(Audiofx_transport)@@   NvAudioFxDriverSuspend()  	  CHR_TEST!! 
D/        (  980): NVRM_DAEMON(1114): pm_notifier_thread: calling power NvddkAudioFxSuspend(false)
D/        (  980): @@(Audiofx_transport)@@   NvAudioFxDriverSuspend()  	  CHR_TEST!! 
D/        (  980): NVRM_DAEMON(1109): pm_notifier_thread: calling power NvddkAudioFxSuspend(true)
D/        (  980): @@(Audiofx_transport)@@   NvAudioFxDriverSuspend()  	  CHR_TEST!! 
D/        (  980): NVRM_DAEMON(1114): pm_notifier_thread: calling power NvddkAudioFxSuspend(false)
D/        (  980): @@(Audiofx_transport)@@   NvAudioFxDriverSuspend()  	  CHR_TEST!! 
D/        (  980): NVRM_DAEMON(1109): pm_notifier_thread: calling power NvddkAudioFxSuspend(true)
D/        (  980): @@(Audiofx_transport)@@   NvAudioFxDriverSuspend()  	  CHR_TEST!! 
D/        (  980): NVRM_DAEMON(1114): pm_notifier_thread: calling power NvddkAudioFxSuspend(false)
D/        (  980): @@(Audiofx_transport)@@   NvAudioFxDriverSuspend()  	  CHR_TEST!! 
D/        (  980): NVRM_DAEMON(1109): pm_notifier_thread: calling power NvddkAudioFxSuspend(true)
D/        (  980): @@(Audiofx_transport)@@   NvAudioFxDriverSuspend()  	  CHR_TEST!! 
D/        (  980): NVRM_DAEMON(1114): pm_notifier_thread: calling power NvddkAudioFxSuspend(false)
D/        (  980): @@(Audiofx_transport)@@   NvAudioFxDriverSuspend()  	  CHR_TEST!! 
D/AirMail (10611): keepalive read
D/        (  980): NVRM_DAEMON(1109): pm_notifier_thread: calling power NvddkAudioFxSuspend(true)
D/        (  980): @@(Audiofx_transport)@@   NvAudioFxDriverSuspend()  	  CHR_TEST!! 
D/        (  980): NVRM_DAEMON(1114): pm_notifier_thread: calling power NvddkAudioFxSuspend(false)
D/        (  980): @@(Audiofx_transport)@@   NvAudioFxDriverSuspend()  	  CHR_TEST!! 
D/        (  980): NVRM_DAEMON(1109): pm_notifier_thread: calling power NvddkAudioFxSuspend(true)
D/        (  980): @@(Audiofx_transport)@@   NvAudioFxDriverSuspend()  	  CHR_TEST!! 
D/        (  980): NVRM_DAEMON(1114): pm_notifier_thread: calling power NvddkAudioFxSuspend(false)
D/        (  980): @@(Audiofx_transport)@@   NvAudioFxDriverSuspend()  	  CHR_TEST!! 
D/AirMail (10611): keepalive read
D/        (  980): NVRM_DAEMON(1109): pm_notifier_thread: calling power NvddkAudioFxSuspend(true)
D/        (  980): @@(Audiofx_transport)@@   NvAudioFxDriverSuspend()  	  CHR_TEST!! 
E/lwip_get_socket_timeout:( 1150): sock == NULL this is really bad and odd
D/        (  980): NVRM_DAEMON(1114): pm_notifier_thread: calling power NvddkAudioFxSuspend(false)
D/        (  980): @@(Audiofx_transport)@@   NvAudioFxDriverSuspend()  	  CHR_TEST!! 
I/power   ( 1043): *** set_screen_state 1
D/        (  980): NVRM_DAEMON(1124): pm_notifier_thread: calling power_displays(true)
D/SettingsAppWidgetProvider( 8698): Widget is from a previous version... Let's update
D/SettingsAppWidgetProvider( 8698): No instances yet... Wait for at least one instance to exist before adding global settings
D/MediaUploader(10924): PhoneStateBroadcastReceiver.onReceive: Intent { act=android.intent.action.BATTERY_CHANGED flg=0x60000000 (has extras) }
D/MediaUploader(10924): Battery change, level - 29; plugged in - true
D/dalvikvm( 1043): GC_EXTERNAL_ALLOC freed 615K, 41% free 7336K/12231K, external 5025K/5173K, paused 101ms
V/NotificationService( 1043): Active profile: Default
I/PROFILE ( 1043): Group: Gmail containing : android : false
I/PROFILE ( 1043): Group: Phone containing : android : false
I/PROFILE ( 1043): Group: Calendar containing : android : false
I/PROFILE ( 1043): Group: Email containing : android : false
I/PROFILE ( 1043): Group: SMS containing : android : false
V/ProfileManager( 1043): No active group, returning default: Other
V/NotificationService( 1043): Pkg: android group: Other
D/Beautiful Widgets(10858): Battery plugged
D/        (  980): Auto config value = 0
D/        (  980): [PL] NvOdmDispDevicePowerLevel_On
I/vsnet   (16561): IP address for cid=1 is 26.197.4.81 
I/vsnet   (16562): Starting vsnet0 for cid=1 
D/MediaUploader(10924): updateQueueState: RUNNING
I/vsnet   (16565): Default gateway for vsnet0 is 26.197.4.81 
I/vsnet   (16567): ifconfig for vsnet0 finished successfully 
D/MediaUploader(10924): UploadService.onHandleIntent: Intent { act=com.google.android.apps.uploader.action.UPLOAD_WAKEUP cmp=com.google.android.apps.plus/com.google.android.apps.uploader.UploadService }
D/        (  980): ONE SHOT MODE is enabled now !!! 
D/        (  980): [PL] hitachi_cpu480X800_SetBacklight intensity1 =0
D/MediaUploader(10924): UploadsQueue.getAllPending: elapsed msec=44
D/MediaUploader(10924): UploadsQueue.getAllPending: elapsed msec=3
D/MediaUploader(10924): updateQueueState: RUNNING
D/        (  980): Auto config value = 0
D/        (  980): [PL] hitachi_cpu480X800_SetBacklight intensity1 =102
D/        (  980): [BL] Display_On buf =1
D/        (  980): 
D/        (  980): NVRM_DAEMON(1127): pm_notifier_thread: returned from power_displays(true)
D/Tethering( 1043): sendTetherStateChangedBroadcast 1, 0, 0
D/Tethering( 1043): interfaceAdded :usb0
V/NotificationService( 1043): Active profile: Default
I/PROFILE ( 1043): Group: Gmail containing : android : false
I/PROFILE ( 1043): Group: Phone containing : android : false
I/PROFILE ( 1043): Group: Calendar containing : android : false
I/PROFILE ( 1043): Group: Email containing : android : false
I/PROFILE ( 1043): Group: SMS containing : android : false
V/ProfileManager( 1043): No active group, returning default: Other
V/NotificationService( 1043): Pkg: android group: Other
D/Vold    (  971): USB connected
D/Vold    (  971): Share method ums now available
D/BluetoothNetworkService( 1043): updating tether state
D/BluetoothNetworkService( 1043): interface usb0
I/StorageNotification( 1132): UMS connection changed to true (media state mounted)
V/NotificationService( 1043): Active profile: Default
I/PROFILE ( 1043): Group: Gmail containing : com.android.systemui : false
I/PROFILE ( 1043): Group: Phone containing : com.android.systemui : false
I/PROFILE ( 1043): Group: Calendar containing : com.android.systemui : false
I/PROFILE ( 1043): Group: Email containing : com.android.systemui : false
I/PROFILE ( 1043): Group: SMS containing : com.android.systemui : false
V/ProfileManager( 1043): No active group, returning default: Other
V/NotificationService( 1043): Pkg: com.android.systemui group: Other
W/Vold    (  971): Ignoring unknown switch 'usb_mass_storage'
D/Vold    (  971): USB connected
E/Tethering( 1043): active iface (usb0) reported as added, ignoring
D/        (  980): set continue (1280x960)
D/        (  980): set continue (1280x1024)
D/        (  980): set continue (1280x1024)
D/        (  980): set continue (1360x768)
D/        (  980): set continue (1440x900)
D/        (  980): set continue (1680x1050)
D/        (  980): set BetterMode (1280x720)
D/        (  980): set BetterMode (1920x1080)
D/        (  980): set BetterMode (1280x720)
D/        (  980): set BetterMode (1920x1080)
D/        (  980): set BetterMode (1920x1080)
D/        (  980): set BetterMode (1920x1080)
D/        (  980): set BetterMode (1920x1080)
I/WindowManager( 1043): Setting rotation to 0, animFlags=0
I/ActivityManager( 1043): Config changed: { scale=1.0 imsi=310/260 loc=en_US touch=3 keys=1/1/2 nav=1/1 orien=1 layout=34 uiMode=19 seq=70 themeResource=null}
D/CounterApplication(13901): APP Configuration changed
I/PowerWidget( 1132): Clearing any old widget stuffs
I/PowerWidget( 1132): Setting up widget
I/PowerWidget( 1132): Button list: toggleWifi|toggleSound|toggleBrightness
I/PowerWidget( 1132): Setting up button: toggleWifi
I/PowerWidget( 1132): Setting up button: toggleSound
I/PowerWidget( 1132): Setting up button: toggleBrightness
D/dalvikvm( 1043): GC_EXTERNAL_ALLOC freed 266K, 41% free 7337K/12231K, external 5373K/5680K, paused 66ms
D/dalvikvm( 1043): GC_EXTERNAL_ALLOC freed 28K, 41% free 7319K/12231K, external 6336K/6620K, paused 57ms
D/SettingsAppWidgetProvider( 8698): Widget is from a previous version... Let's update
D/SettingsAppWidgetProvider( 8698): No instances yet... Wait for at least one instance to exist before adding global settings
W/InputManagerService( 1043): Window already focused, ignoring focus gain of: com.android.internal.view.IInputMethodClient$Stub$Proxy@40a3b558
D/dalvikvm( 1132): GC_EXTERNAL_ALLOC freed 199K, 50% free 3255K/6407K, external 2152K/2266K, paused 27ms
D/dalvikvm( 1132): GC_EXTERNAL_ALLOC freed 83K, 51% free 3172K/6407K, external 1888K/2033K, paused 26ms
D/dalvikvm(16217): GC_CONCURRENT freed 394K, 51% free 3655K/7367K, external 4K/516K, paused 3ms+2ms
D/dalvikvm( 1043): GC_EXPLICIT freed 269K, 41% free 7239K/12231K, external 7801K/7822K, paused 58ms
D/dalvikvm( 1132): GC_EXTERNAL_ALLOC freed 10K, 51% free 3173K/6407K, external 2075K/2216K, paused 29ms
D/dalvikvm( 1132): GC_EXTERNAL_ALLOC freed <1K, 51% free 3173K/6407K, external 2072K/2216K, paused 23ms
D/dalvikvm( 1132): GC_EXTERNAL_ALLOC freed <1K, 51% free 3173K/6407K, external 2072K/2216K, paused 22ms
D/dalvikvm( 1132): GC_EXTERNAL_ALLOC freed <1K, 51% free 3173K/6407K, external 2072K/2216K, paused 22ms
D/dalvikvm( 1132): GC_EXTERNAL_ALLOC freed <1K, 51% free 3173K/6407K, external 2072K/2216K, paused 24ms
D/dalvikvm( 1132): GC_EXTERNAL_ALLOC freed <1K, 51% free 3173K/6407K, external 2072K/2216K, paused 23ms
D/dalvikvm( 1132): GC_EXTERNAL_ALLOC freed 2K, 51% free 3173K/6407K, external 2075K/2216K, paused 26ms
D/dalvikvm( 1132): GC_EXTERNAL_ALLOC freed <1K, 51% free 3173K/6407K, external 2072K/2216K, paused 22ms
D/dalvikvm( 1132): GC_EXTERNAL_ALLOC freed <1K, 51% free 3173K/6407K, external 2072K/2216K, paused 23ms
D/dalvikvm( 1132): GC_EXTERNAL_ALLOC freed <1K, 51% free 3173K/6407K, external 2072K/2216K, paused 22ms
D/dalvikvm( 1132): GC_EXTERNAL_ALLOC freed <1K, 51% free 3173K/6407K, external 2072K/2216K, paused 24ms
D/dalvikvm( 1132): GC_EXTERNAL_ALLOC freed <1K, 51% free 3173K/6407K, external 2072K/2216K, paused 24ms
D/dalvikvm( 1132): GC_EXTERNAL_ALLOC freed <1K, 51% free 3173K/6407K, external 2072K/2216K, paused 28ms
D/dalvikvm( 1132): GC_EXTERNAL_ALLOC freed <1K, 51% free 3173K/6407K, external 2072K/2216K, paused 23ms
D/dalvikvm( 1132): GC_EXTERNAL_ALLOC freed <1K, 51% free 3173K/6407K, external 2072K/2216K, paused 26ms
D/dalvikvm( 1132): GC_EXTERNAL_ALLOC freed <1K, 51% free 3173K/6407K, external 2072K/2216K, paused 25ms
D/dalvikvm( 1132): GC_EXTERNAL_ALLOC freed <1K, 51% free 3173K/6407K, external 2072K/2216K, paused 23ms
D/dalvikvm( 1132): GC_EXTERNAL_ALLOC freed <1K, 51% free 3173K/6407K, external 2072K/2216K, paused 22ms
D/dalvikvm( 1132): GC_EXTERNAL_ALLOC freed <1K, 51% free 3173K/6407K, external 2072K/2216K, paused 23ms
D/dalvikvm( 1132): GC_EXTERNAL_ALLOC freed <1K, 51% free 3173K/6407K, external 2072K/2216K, paused 22ms
D/dalvikvm( 1132): GC_EXTERNAL_ALLOC freed <1K, 51% free 3173K/6407K, external 2072K/2216K, paused 22ms
D/dalvikvm( 1132): GC_EXTERNAL_ALLOC freed <1K, 51% free 3173K/6407K, external 2072K/2216K, paused 22ms
D/dalvikvm( 1132): GC_EXTERNAL_ALLOC freed <1K, 51% free 3173K/6407K, external 2072K/2216K, paused 26ms
D/dalvikvm( 1132): GC_EXTERNAL_ALLOC freed <1K, 51% free 3173K/6407K, external 2072K/2216K, paused 23ms
D/dalvikvm( 1132): GC_EXTERNAL_ALLOC freed <1K, 51% free 3173K/6407K, external 2072K/2216K, paused 24ms
D/dalvikvm( 1132): GC_EXTERNAL_ALLOC freed <1K, 51% free 3173K/6407K, external 2072K/2216K, paused 23ms
D/dalvikvm( 1132): GC_EXTERNAL_ALLOC freed <1K, 51% free 3173K/6407K, external 2072K/2216K, paused 22ms
D/dalvikvm( 1132): GC_EXTERNAL_ALLOC freed <1K, 51% free 3173K/6407K, external 2072K/2216K, paused 22ms
D/dalvikvm( 1132): GC_EXTERNAL_ALLOC freed <1K, 51% free 3173K/6407K, external 2072K/2216K, paused 23ms
D/dalvikvm( 1132): GC_EXTERNAL_ALLOC freed <1K, 51% free 3173K/6407K, external 2072K/2216K, paused 22ms
D/dalvikvm( 1132): GC_EXTERNAL_ALLOC freed <1K, 51% free 3173K/6407K, external 2072K/2216K, paused 22ms
D/dalvikvm( 1132): GC_EXTERNAL_ALLOC freed <1K, 51% free 3173K/6407K, external 2072K/2216K, paused 22ms
D/dalvikvm( 1132): GC_EXTERNAL_ALLOC freed <1K, 51% free 3173K/6407K, external 2072K/2216K, paused 25ms
D/dalvikvm( 1132): GC_EXTERNAL_ALLOC freed <1K, 51% free 3173K/6407K, external 2072K/2216K, paused 22ms
D/dalvikvm( 1132): GC_EXTERNAL_ALLOC freed <1K, 51% free 3173K/6407K, external 2072K/2216K, paused 28ms
D/dalvikvm( 1132): GC_EXTERNAL_ALLOC freed <1K, 51% free 3173K/6407K, external 2072K/2216K, paused 22ms
D/dalvikvm( 1132): GC_EXTERNAL_ALLOC freed <1K, 51% free 3173K/6407K, external 2072K/2216K, paused 23ms
D/dalvikvm( 1132): GC_EXTERNAL_ALLOC freed <1K, 51% free 3173K/6407K, external 2072K/2216K, paused 23ms
D/dalvikvm( 1132): GC_EXTERNAL_ALLOC freed <1K, 51% free 3173K/6407K, external 2072K/2216K, paused 23ms
D/dalvikvm( 1132): GC_EXTERNAL_ALLOC freed <1K, 51% free 3173K/6407K, external 2072K/2216K, paused 22ms
D/dalvikvm( 1132): GC_EXTERNAL_ALLOC freed <1K, 51% free 3173K/6407K, external 2072K/2216K, paused 23ms
D/dalvikvm( 1132): GC_EXTERNAL_ALLOC freed <1K, 51% free 3173K/6407K, external 2072K/2216K, paused 23ms
D/dalvikvm( 1132): GC_EXTERNAL_ALLOC freed <1K, 51% free 3173K/6407K, external 2072K/2216K, paused 28ms
D/dalvikvm( 1132): GC_EXTERNAL_ALLOC freed <1K, 51% free 3173K/6407K, external 2072K/2216K, paused 23ms
D/dalvikvm( 1132): GC_EXTERNAL_ALLOC freed <1K, 51% free 3175K/6407K, external 2072K/2216K, paused 23ms
D/dalvikvm( 1132): GC_EXTERNAL_ALLOC freed <1K, 51% free 3175K/6407K, external 2072K/2216K, paused 23ms
D/AudioFlinger(  976): setParameters(): io 0, keyvalue RINGTONE_VOLUME=0, tid 1035, calling tid 976
D/Beautiful Widgets(10858): RINGER_MODE_CHANGED_ACTION
I/PROFILE ( 1043): Group: Gmail containing : com.android.systemui : false
I/PROFILE ( 1043): Group: Phone containing : com.android.systemui : false
I/PROFILE ( 1043): Group: Calendar containing : com.android.systemui : false
I/PROFILE ( 1043): Group: Email containing : com.android.systemui : false
I/PROFILE ( 1043): Group: SMS containing : com.android.systemui : false
V/ProfileManager( 1132): No active group, returning default: Other
V/AudioManager( 1132): shouldVibrate, group: Other mode: DEFAULT
I/PROFILE ( 1043): Group: Gmail containing : com.android.systemui : false
I/PROFILE ( 1043): Group: Phone containing : com.android.systemui : false
I/PROFILE ( 1043): Group: Calendar containing : com.android.systemui : false
I/PROFILE ( 1043): Group: Email containing : com.android.systemui : false
I/PROFILE ( 1043): Group: SMS containing : com.android.systemui : false
V/ProfileManager( 1132): No active group, returning default: Other
V/AudioManager( 1132): shouldVibrate, group: Other mode: DEFAULT
D/dalvikvm( 1132): GC_EXTERNAL_ALLOC freed 25K, 51% free 3176K/6407K, external 2085K/2216K, paused 33ms
D/dalvikvm( 1132): GC_EXTERNAL_ALLOC freed 1K, 51% free 3175K/6407K, external 2081K/2226K, paused 23ms
D/dalvikvm( 1132): GC_EXTERNAL_ALLOC freed <1K, 51% free 3175K/6407K, external 2081K/2226K, paused 24ms
D/dalvikvm( 1132): GC_EXTERNAL_ALLOC freed <1K, 51% free 3175K/6407K, external 2081K/2226K, paused 24ms
D/dalvikvm( 1132): GC_EXTERNAL_ALLOC freed <1K, 51% free 3175K/6407K, external 2081K/2226K, paused 23ms
D/dalvikvm( 1132): GC_EXTERNAL_ALLOC freed <1K, 51% free 3175K/6407K, external 2081K/2226K, paused 22ms
D/dalvikvm( 1132): GC_EXTERNAL_ALLOC freed <1K, 51% free 3175K/6407K, external 2081K/2226K, paused 22ms
D/dalvikvm( 1132): GC_EXTERNAL_ALLOC freed <1K, 51% free 3175K/6407K, external 2081K/2226K, paused 22ms
D/dalvikvm( 1132): GC_EXTERNAL_ALLOC freed <1K, 51% free 3175K/6407K, external 2081K/2226K, paused 25ms
D/dalvikvm( 1132): GC_EXTERNAL_ALLOC freed <1K, 51% free 3175K/6407K, external 2081K/2226K, paused 22ms
D/dalvikvm( 1132): GC_EXTERNAL_ALLOC freed <1K, 51% free 3175K/6407K, external 2081K/2226K, paused 23ms
D/dalvikvm( 1132): GC_EXTERNAL_ALLOC freed <1K, 51% free 3175K/6407K, external 2081K/2226K, paused 22ms
D/dalvikvm( 1132): GC_EXTERNAL_ALLOC freed <1K, 51% free 3175K/6407K, external 2081K/2226K, paused 23ms
D/dalvikvm( 1132): GC_EXTERNAL_ALLOC freed <1K, 51% free 3175K/6407K, external 2081K/2226K, paused 22ms
D/dalvikvm( 1132): GC_EXTERNAL_ALLOC freed <1K, 51% free 3175K/6407K, external 2081K/2226K, paused 23ms
D/dalvikvm( 1132): GC_EXTERNAL_ALLOC freed <1K, 51% free 3175K/6407K, external 2081K/2226K, paused 23ms
D/dalvikvm( 1132): GC_EXTERNAL_ALLOC freed <1K, 51% free 3175K/6407K, external 2081K/2226K, paused 23ms
D/dalvikvm( 1132): GC_EXTERNAL_ALLOC freed <1K, 51% free 3175K/6407K, external 2081K/2226K, paused 23ms
D/dalvikvm( 1132): GC_EXTERNAL_ALLOC freed <1K, 51% free 3175K/6407K, external 2081K/2226K, paused 26ms
D/dalvikvm( 1132): GC_EXTERNAL_ALLOC freed <1K, 51% free 3175K/6407K, external 2081K/2226K, paused 23ms
D/dalvikvm( 1132): GC_EXTERNAL_ALLOC freed <1K, 51% free 3175K/6407K, external 2081K/2226K, paused 24ms
D/dalvikvm( 1132): GC_EXTERNAL_ALLOC freed <1K, 51% free 3175K/6407K, external 2081K/2226K, paused 22ms
D/dalvikvm( 1132): GC_EXTERNAL_ALLOC freed <1K, 51% free 3176K/6407K, external 2081K/2226K, paused 23ms
I/ActivityManager( 1043): Starting: Intent { cmp=android/com.android.internal.app.DisableCarModeActivity bnds=[0,137][480,233] } from pid -1
W/ActivityManager( 1043): startActivity called from non-Activity context; forcing Intent.FLAG_ACTIVITY_NEW_TASK for: Intent { flg=0x800000 cmp=android/com.android.internal.app.DisableCarModeActivity bnds=[0,137][480,233] }
I/ActivityManager( 1043): Starting: Intent { act=android.intent.action.MAIN cat=[android.intent.category.HOME] flg=0x10200000 cmp=com.fede.launcher/.Launcher } from pid 1043
I/ActivityManager( 1043): Config changed: { scale=1.0 imsi=310/260 loc=en_US touch=3 keys=1/1/2 nav=1/1 orien=1 layout=34 uiMode=17 seq=71 themeResource=null}
D/CounterApplication(13901): APP Configuration changed
D/dalvikvm( 1132): GC_EXTERNAL_ALLOC freed <1K, 51% free 3176K/6407K, external 2081K/2226K, paused 39ms
I/PowerWidget( 1132): Clearing any old widget stuffs
I/PowerWidget( 1132): Setting up widget
D/dalvikvm( 1161): GC_EXPLICIT freed 137K, 51% free 3325K/6727K, external 5503K/6558K, paused 51ms
I/PowerWidget( 1132): Button list: toggleWifi|toggleSound|toggleBrightness
I/PowerWidget( 1132): Setting up button: toggleWifi
I/PowerWidget( 1132): Setting up button: toggleSound
I/PowerWidget( 1132): Setting up button: toggleBrightness
D/dalvikvm( 1161): GC_EXPLICIT freed 37K, 52% free 3288K/6727K, external 5082K/6347K, paused 33ms
D/dalvikvm( 1161): GC_EXPLICIT freed 50K, 52% free 3237K/6727K, external 5013K/6261K, paused 39ms
D/dalvikvm( 1161): GC_EXPLICIT freed 11K, 53% free 3228K/6727K, external 4856K/6064K, paused 35ms
W/ResourceType( 1043): Skipping entry 0x7f040006 in package table 0 because it is not complex!
W/ResourceType( 1043): Skipping entry 0x7f040005 in package table 0 because it is not complex!
I/ActivityManager( 1043): No longer want com.android.providers.calendar (pid 15210): hidden #16
D/dalvikvm( 1161): GC_EXPLICIT freed 87K, 51% free 3308K/6727K, external 5141K/6064K, paused 44ms
W/IInputConnectionWrapper(14889): showStatusIcon on inactive InputConnection
D/dalvikvm( 1161): GC_EXPLICIT freed 116K, 51% free 3320K/6727K, external 4979K/6064K, paused 32ms
D/dalvikvm( 1161): GC_EXPLICIT freed 139K, 50% free 3387K/6727K, external 5283K/6064K, paused 30ms
D/dalvikvm( 1161): GC_EXPLICIT freed 43K, 50% free 3409K/6727K, external 5450K/6064K, paused 30ms
D/dalvikvm( 1161): GC_EXTERNAL_ALLOC freed 28K, 49% free 3457K/6727K, external 6056K/6064K, paused 32ms
W/InputManagerService( 1043): Window already focused, ignoring focus gain of: com.android.internal.view.IInputMethodClient$Stub$Proxy@40942250
D/dalvikvm(14889): GC_EXPLICIT freed 1092K, 43% free 6055K/10503K, external 1349K/1580K, paused 96ms
D/AirMail (10611): keepalive read
D/dalvikvm(10611): GC_EXPLICIT freed 74K, 52% free 2814K/5767K, external 0K/0K, paused 61ms
D/dalvikvm( 1161): GC_EXTERNAL_ALLOC freed 81K, 50% free 3378K/6727K, external 6937K/6972K, paused 31ms
D/dalvikvm(11381): GC_EXPLICIT freed 84K, 48% free 3287K/6279K, external 0K/0K, paused 34ms
I/ActivityManager( 1043): Starting: Intent { act=android.intent.action.MAIN cat=[android.intent.category.LAUNCHER] flg=0x10200000 cmp=com.miadzin.shmup/android.app.NativeActivity } from pid 1161
I/ActivityManager( 1043): Start proc com.miadzin.shmup for activity com.miadzin.shmup/android.app.NativeActivity: pid=16786 uid=10090 gids={3003, 1015}
W/ResourceType( 1043): Skipping entry 0x7f040007 in package table 0 because it is not complex!
W/ResourceType( 1043): Skipping entry 0x7f040008 in package table 0 because it is not complex!
D/dalvikvm(16786): Debugger has detached; object registry had 1 entries
D/dalvikvm(16786): GC_EXTERNAL_ALLOC freed 33K, 51% free 2685K/5379K, external 0K/0K, paused 26ms
I/threaded_app(16786): Creating: 0x952d8
I/threaded_app(16786): Config: mcc=310 mnc=260 lang=en cnt=US orien=1 touch=3 dens=240 keys=1 nav=1 keysHid=3 navHid=0 sdk=10 size=2 long=2 modetype=1 modenight=1
I/threaded_app(16786): Start: 0x952d8
I/threaded_app(16786): activityState=10
I/threaded_app(16786): Resume: 0x952d8
I/threaded_app(16786): activityState=11
I/threaded_app(16786): InputQueueCreated: 0x952d8 -- 0x121fa0
I/threaded_app(16786): APP_CMD_INPUT_CHANGED
I/threaded_app(16786): Attaching input queue to looper
I/threaded_app(16786): NativeWindowCreated: 0x952d8 -- 0x99380
I/threaded_app(16786): APP_CMD_INIT_WINDOW
I/libshmup(16786): Game dir: mnt/sdcard/shmup
I/libshmup(16786): Write dir: mnt/sdcard/shmup
I/threaded_app(16786): WindowFocusChanged: 0x952d8 -- 1
I/libshmup(16786): [Renderer] Checking mode
I/libshmup(16786): [Renderer] Running in mode OpenGL ES 1.1
I/libshmup(16786): Opening mnt/sdcard/shmup//data/menu/font.png
I/libshmup(16786): Opening mnt/sdcard/shmup/data/textures/object/spritesBullets.png
I/ActivityManager( 1043): Displayed com.miadzin.shmup/android.app.NativeActivity: +378ms (total +6m52s883ms)
I/libshmup(16786): No idea WTF this file is: 
I/libshmup(16786): Opening mnt/sdcard/shmup/data/titles/divers.png
I/libshmup(16786): No idea WTF this file is: 
I/libshmup(16786): Opening mnt/sdcard/shmup//data/menu/homeAtlas.png
D/libEGL  (16786): loaded /system/lib/egl/libGLES_android.so
D/libEGL  (16786): loaded /system/lib/egl/libEGL_tegra.so
D/libEGL  (16786): loaded /system/lib/egl/libGLESv1_CM_tegra.so
D/libEGL  (16786): loaded /system/lib/egl/libGLESv2_tegra.so
I/libshmup(16786): DEBUG numInd: 666 ind:1437824
I/libshmup(16786): DEBUG numText: 0
I/libshmup(16786): DEBUG numButtons: 3
I/libshmup(16786): DEBUG string is New Game
I/libshmup(16786): DEBUG string is Others
I/libshmup(16786): DEBUG string is Tutorial
I/libshmup(16786): DEBUG moved?
I/libshmup(16786): DEBUG numInd: 666 ind:1437824
I/DEBUG   (  973): *** *** *** *** *** *** *** *** *** *** *** *** *** *** *** ***
I/DEBUG   (  973): Build fingerprint: 'lge/lge_star/p999/p999:2.2.2/FRG83G/lgp999-V10f.2ED2B0648C:user/release-keys'
I/DEBUG   (  973): pid: 16786, tid: 16796  >>> com.miadzin.shmup <<<
I/DEBUG   (  973): signal 11 (SIGSEGV), code 1 (SEGV_MAPERR), fault addr 00000000
I/DEBUG   (  973):  r0 0000001c  r1 11010001  r2 00000000  r3 00000000
I/DEBUG   (  973):  r4 0000001c  r5 44c733f0  r6 00000000  r7 44c733f0
I/DEBUG   (  973):  r8 00157b48  r9 0000000c  10 000063f0  fp 00000117
I/DEBUG   (  973):  ip 00000000  sp 44adcd58  lr 81c1a75c  pc 81c1a7f8  cpsr 20000010
I/DEBUG   (  973):  d0  478cc6a347a1da3e  d1  becd9f5c481474a5
I/DEBUG   (  973):  d2  00000000bf810733  d3  00000000478cc6a3
I/DEBUG   (  973):  d4  0000000000000000  d5  4745250c00000000
I/DEBUG   (  973):  d6  00000000bf800000  d7  47a090493f800000
I/DEBUG   (  973):  d8  0000000000000000  d9  0000000000000000
I/DEBUG   (  973):  d10 0000000000000000  d11 0000000000000000
I/DEBUG   (  973):  d12 0000000000000000  d13 0000000000000000
I/DEBUG   (  973):  d14 0000000000000000  d15 0000000000000000
I/DEBUG   (  973):  scr 20000010
I/DEBUG   (  973): 
I/DEBUG   (  973):          #00  pc 0001a7f8  /system/lib/egl/libGLESv2_tegra.so
I/DEBUG   (  973):          #01  pc 0001afdc  /system/lib/egl/libGLESv2_tegra.so (glDrawElements)
I/DEBUG   (  973):          #02  pc 0000ba6c  /system/lib/egl/libGLESv1_CM_tegra.so (glDrawElements)
I/DEBUG   (  973):          #03  pc 00030cfe  /data/data/com.miadzin.shmup/lib/libshmup.so
I/DEBUG   (  973):          #04  pc 00031310  /data/data/com.miadzin.shmup/lib/libshmup.so (RenderEntitiesF)
I/DEBUG   (  973):          #05  pc 0002fd58  /data/data/com.miadzin.shmup/lib/libshmup.so (SCR_RenderFrame)
I/DEBUG   (  973):          #06  pc 00023918  /data/data/com.miadzin.shmup/lib/libshmup.so (dEngine_HostFrame)
I/DEBUG   (  973):          #07  pc 0000d2b6  /data/data/com.miadzin.shmup/lib/libshmup.so
I/DEBUG   (  973):          #08  pc 0000d356  /data/data/com.miadzin.shmup/lib/libshmup.so (android_main)
I/DEBUG   (  973):          #09  pc 000344fe  /data/data/com.miadzin.shmup/lib/libshmup.so
I/DEBUG   (  973):          #10  pc 00011f84  /system/lib/libc.so (__thread_entry)
I/DEBUG   (  973):          #11  pc 00011b2c  /system/lib/libc.so (pthread_create)
I/DEBUG   (  973): 
I/DEBUG   (  973): code around pc:
I/DEBUG   (  973): 81c1a7d8 e3a03000 e58d9028 e59db05c e1a0c003 
I/DEBUG   (  973): 81c1a7e8 e1a09005 e087500c e0862003 e25bb001 
I/DEBUG   (  973): 81c1a7f8 e8920007 e28cc00c e0833004 e8850007 
I/DEBUG   (  973): 81c1a808 1afffff7 e1a01009 e59d405c e59d9028 
I/DEBUG   (  973): 81c1a818 e0050491 e2855003 e085a00a e3caa003 
I/DEBUG   (  973): 
I/DEBUG   (  973): code around lr:
I/DEBUG   (  973): 81c1a73c e58dc004 e59d7024 e58d5000 e59db018 
I/DEBUG   (  973): 81c1a74c e79bc007 e7dc700e e58d7008 eb00b192 
I/DEBUG   (  973): 81c1a75c e59d301c e3530000 0a000009 e59d2010 
I/DEBUG   (  973): 81c1a76c e5920048 e3500000 0a00006f e59d302c 
I/DEBUG   (  973): 81c1a77c e080000a e0216394 e1a02005 ebffa50d 
I/DEBUG   (  973): 
I/DEBUG   (  973): stack:
I/DEBUG   (  973):     44adcd18  0017d978  
I/DEBUG   (  973):     44adcd1c  0017db70  
I/DEBUG   (  973):     44adcd20  0017d9a4  
I/DEBUG   (  973):     44adcd24  0017d7dc  
I/DEBUG   (  973):     44adcd28  0017daac  
I/DEBUG   (  973):     44adcd2c  0017d3cc  
I/DEBUG   (  973):     44adcd30  0017bb0c  
I/DEBUG   (  973):     44adcd34  0017b930  
I/DEBUG   (  973):     44adcd38  0017c678  
I/DEBUG   (  973):     44adcd3c  0000000f  
I/DEBUG   (  973):     44adcd40  00000000  
I/DEBUG   (  973):     44adcd44  81c2e26d  /system/lib/egl/libGLESv2_tegra.so
I/DEBUG   (  973):     44adcd48  0000001c  
I/DEBUG   (  973):     44adcd4c  0000000c  
I/DEBUG   (  973):     44adcd50  df002777  
I/DEBUG   (  973):     44adcd54  e3a070ad  
I/DEBUG   (  973): #00 44adcd58  0000000c  
I/DEBUG   (  973):     44adcd5c  00000003  
I/DEBUG   (  973):     44adcd60  0000000d  
I/DEBUG   (  973):     44adcd64  00000000  
I/DEBUG   (  973):     44adcd68  0017c4d8  
I/DEBUG   (  973):     44adcd6c  00000001  
I/DEBUG   (  973):     44adcd70  81c4e66c  
I/DEBUG   (  973):     44adcd74  00000000  
I/DEBUG   (  973):     44adcd78  81c478e4  /system/lib/egl/libGLESv2_tegra.so
I/DEBUG   (  973):     44adcd7c  ffffffe0  
I/DEBUG   (  973):     44adcd80  0032d7cc  
I/DEBUG   (  973):     44adcd84  00000000  
I/DEBUG   (  973):     44adcd88  0000029a  
I/DEBUG   (  973):     44adcd8c  00157b48  
I/DEBUG   (  973):     44adcd90  0000029a  
I/DEBUG   (  973):     44adcd94  00000004  
I/DEBUG   (  973):     44adcd98  0015f080  
I/DEBUG   (  973):     44adcd9c  00000001  
I/DEBUG   (  973):     44adcda0  00000000  
I/DEBUG   (  973):     44adcda4  0017c4d8  
I/DEBUG   (  973):     44adcda8  00000534  
I/DEBUG   (  973):     44adcdac  81c1afe0  /system/lib/egl/libGLESv2_tegra.so
I/DEBUG   (  973): #01 44adcdb0  00000000  
I/DEBUG   (  973):     44adcdb4  00000118  
I/DEBUG   (  973):     44adcdb8  00001403  
I/DEBUG   (  973):     44adcdbc  0000029a  
I/DEBUG   (  973):     44adcdc0  00000000  
I/DEBUG   (  973):     44adcdc4  81706e3f  /system/lib/egl/libGLESv1_CM_tegra.so
I/DEBUG   (  973):     44adcdc8  0017c51c  
I/DEBUG   (  973):     44adcdcc  00005ebc  
I/DEBUG   (  973):     44adcdd0  0000000c  
I/DEBUG   (  973):     44adcdd4  00000299  
I/DEBUG   (  973):     44adcdd8  00000000  
I/DEBUG   (  973):     44adcddc  00000534  
I/DEBUG   (  973):     44adcde0  00000118  
I/DEBUG   (  973):     44adcde4  00000000  
I/DEBUG   (  973):     44adcde8  000003c0  
I/DEBUG   (  973):     44adcdec  0017b930  
I/DEBUG   (  973):     44adcdf0  8171a1a4  
I/DEBUG   (  973):     44adcdf4  00000004  
I/DEBUG   (  973):     44adcdf8  81c1a9ac  /system/lib/egl/libGLESv2_tegra.so
I/DEBUG   (  973):     44adcdfc  8171a7c4  
I/DEBUG   (  973):     44adce00  00001403  
I/DEBUG   (  973):     44adce04  0000029a  
I/DEBUG   (  973):     44adce08  00000000  
I/DEBUG   (  973):     44adce0c  8170ba6f  /system/lib/egl/libGLESv1_CM_tegra.so
I/BootReceiver( 1043): Copying /data/tombstones/tombstone_01 to DropBox (SYSTEM_TOMBSTONE)
E/InputDispatcher( 1043): channel '40927360 com.miadzin.shmup/android.app.NativeActivity (server)' ~ Consumer closed input channel or an error occurred.  events=0x8
E/InputDispatcher( 1043): channel '40927360 com.miadzin.shmup/android.app.NativeActivity (server)' ~ Channel is unrecoverably broken and will be disposed!
D/Zygote  (  975): Process 16786 terminated by signal (11)
D/dalvikvm( 1043): GC_FOR_MALLOC freed 880K, 40% free 7357K/12231K, external 1634K/2105K, paused 52ms
I/ActivityManager( 1043): Process com.miadzin.shmup (pid 16786) has died.
I/WindowManager( 1043): WINDOW DIED Window{40927360 com.miadzin.shmup/android.app.NativeActivity paused=false}
D/dalvikvm( 1043): GC_FOR_MALLOC freed 34K, 39% free 7501K/12231K, external 1634K/2105K, paused 54ms
I/dalvikvm-heap( 1043): Grow heap (frag case) to 11.401MB for 75504-byte allocation
D/dalvikvm( 1043): GC_FOR_MALLOC freed 3K, 39% free 7571K/12359K, external 1634K/2105K, paused 49ms
D/dalvikvm( 1043): GC_FOR_MALLOC freed 218K, 41% free 7354K/12359K, external 1626K/2105K, paused 49ms
W/WindowManager( 1043): Failed looking up window
W/WindowManager( 1043): java.lang.IllegalArgumentException: Requested window android.os.BinderProxy@40953ba0 does not exist
W/WindowManager( 1043): 	at com.android.server.WindowManagerService.windowForClientLocked(WindowManagerService.java:8247)
W/WindowManager( 1043): 	at com.android.server.WindowManagerService.windowForClientLocked(WindowManagerService.java:8238)
W/WindowManager( 1043): 	at com.android.server.WindowManagerService$WindowState$DeathRecipient.binderDied(WindowManagerService.java:7096)
W/WindowManager( 1043): 	at android.os.BinderProxy.sendDeathNotice(Binder.java:385)
W/WindowManager( 1043): 	at dalvik.system.NativeStart.run(Native Method)
I/WindowManager( 1043): WIN DEATH: null
W/InputManagerService( 1043): Got RemoteException sending setActive(false) notification to pid 16786 uid 10090
W/ResourceType( 1043): Skipping entry 0x7f040006 in package table 0 because it is not complex!
