I/DEBUG   ( 3983): 8061abc8 78126912 585b4904 1c185c9b 46c04770 
I/DEBUG   ( 3983): 8061abd8 000341be 000003d0 00000524 b083b530 
I/DEBUG   ( 3983): 8061abe8 447c4c25 4b259001 9a0158e3 c323ca23 
I/DEBUG   ( 3983): 
I/DEBUG   ( 3983): code around lr:
I/DEBUG   ( 3983): 8061adb4 1c5a691b 58e34b0a f7ff611a e000ff83 
I/DEBUG   ( 3983): 8061adc4 f00046c0 1c03f8d3 d0052b00 fef6f7ff 
I/DEBUG   ( 3983): 8061add4 2b001c03 e77fd000 46c0bd10 000340b4 
I/DEBUG   ( 3983): 8061ade4 000003d0 00000664 4c44b510 f7ff447c 
I/DEBUG   ( 3983): 8061adf4 4b43ff69 681a58e3 58e34b42 4b41601a 
I/DEBUG   ( 3983): 
I/DEBUG   ( 3983): stack:
I/DEBUG   ( 3983):     44ae2b88  00000078  
I/DEBUG   ( 3983):     44ae2b8c  8060ecbd  /data/data/com.miadzin.shmup/lib/libshmup.so
I/DEBUG   ( 3983):     44ae2b90  0013b350  
I/DEBUG   ( 3983):     44ae2b94  00100000  
I/DEBUG   ( 3983):     44ae2b98  00000001  
I/DEBUG   ( 3983):     44ae2b9c  afd19c07  /system/lib/libc.so
I/DEBUG   ( 3983):     44ae2ba0  806484f4  /data/data/com.miadzin.shmup/lib/libshmup.so
I/DEBUG   ( 3983):     44ae2ba4  44ae2bb4  
I/DEBUG   ( 3983):     44ae2ba8  73797365  
I/DEBUG   ( 3983):     44ae2bac  8061af8d  /data/data/com.miadzin.shmup/lib/libshmup.so
I/DEBUG   ( 3983):     44ae2bb0  806484f4  /data/data/com.miadzin.shmup/lib/libshmup.so
I/DEBUG   ( 3983):     44ae2bb4  00000000  
I/DEBUG   ( 3983):     44ae2bb8  73797365  
I/DEBUG   ( 3983):     44ae2bbc  806484f4  /data/data/com.miadzin.shmup/lib/libshmup.so
I/DEBUG   ( 3983):     44ae2bc0  df002777  
I/DEBUG   ( 3983):     44ae2bc4  e3a070ad  
I/DEBUG   ( 3983): #01 44ae2bc8  8064ed84  
I/DEBUG   ( 3983):     44ae2bcc  8061adf7  /data/data/com.miadzin.shmup/lib/libshmup.so
I/ActivityManager( 1060): Displayed com.miadzin.shmup/.TouchpadNAActivity: +378ms
D/dalvikvm( 7619): GC_CONCURRENT freed 412K, 49% free 3292K/6343K, external 0K/0K, paused 2ms+3ms
I/BootReceiver( 1060): Copying /data/tombstones/tombstone_06 to DropBox (SYSTEM_TOMBSTONE)
I/ActivityManager( 1060): Process com.miadzin.shmup (pid 15995) has died.
I/WindowManager( 1060): WIN DEATH: Window{409471e0 com.miadzin.shmup/com.miadzin.shmup.TouchpadNAActivity paused=false}
D/Zygote  (  982): Process 15995 terminated by signal (11)
W/ResourceType( 1060): Skipping entry 0x7f040006 in package table 0 because it is not complex!
D/dalvikvm(  814): GC_EXPLICIT freed 9K, 49% free 3027K/5831K, external 0K/0K, paused 66ms
D/dalvikvm(  787): GC_EXPLICIT freed 16K, 50% free 2707K/5379K, external 0K/0K, paused 51ms
D/dalvikvm(  796): GC_EXPLICIT freed 16K, 49% free 2785K/5379K, external 0K/512K, paused 35ms
D/dalvikvm(  837): GC_EXPLICIT freed 7K, 46% free 3165K/5831K, external 0K/0K, paused 77ms
D/dalvikvm(  861): GC_EXPLICIT freed 8K, 42% free 3680K/6343K, external 0K/0K, paused 41ms
D/dalvikvm(25638): GC_EXPLICIT freed 6K, 47% free 3818K/7111K, external 0K/0K, paused 50ms
D/dalvikvm( 1621): GC_EXPLICIT freed 6K, 52% free 2814K/5767K, external 0K/0K, paused 78ms
D/dalvikvm(12741): GC_CONCURRENT freed 497K, 52% free 2948K/6023K, external 270K/512K, paused 3ms+2ms
D/dalvikvm(12741): GC_CONCURRENT freed 448K, 51% free 2963K/6023K, external 69K/512K, paused 2ms+2ms
D/dalvikvm(12741): GC_EXPLICIT freed 191K, 52% free 2944K/6023K, external 244K/512K, paused 61ms
D/AirMail ( 1621): keepalive read
I/ActivityManager( 1060): Start proc com.google.android.gm for service com.google.android.gm/.provider.MailSyncAdapterService: pid=16279 uid=10106 gids={3003, 1015}
I/ActivityThread(16279): Pub gmail-ls: com.google.android.gm.provider.MailProvider
I/ActivityThread(16279): Pub gmail-downloads: com.google.android.gm.downloadprovider.DownloadProvider
I/ActivityThread(16279): Pub com.google.android.gm.attachmentspreviews: com.google.android.gm.AttachmentPreviewProvider
I/ActivityThread(16279): Pub com.google.android.gmail.SuggestionProvider: com.google.android.gm.SuggestionsProvider
D/dalvikvm(16279): GC_CONCURRENT freed 209K, 49% free 2923K/5639K, external 0K/0K, paused 1ms+2ms
I/Database(16279): sqlite returned: error code = 0, msg = Recovered 9 frames from WAL file /data/data/com.google.android.gm/databases/downloads.db-wal
I/Gmail   (16279): calculateUnknownSyncRationalesAndPurgeInBackground: queueing
I/Gmail   (16279): calculateUnknownSyncRationalesAndPurgeInBackground: running
I/Gmail   (16279): MainSyncRequestProto: lowestBkwdConvoId: 0, highestHandledServerOp: 589018, normalSync: true
D/dalvikvm(16279): GC_CONCURRENT freed 302K, 48% free 3088K/5895K, external 0K/0K, paused 4ms+2ms
D/dalvikvm(16279): GC_CONCURRENT freed 449K, 49% free 3072K/6023K, external 0K/0K, paused 3ms+2ms
D/dalvikvm(16279): GC_EXPLICIT freed 158K, 49% free 3118K/6023K, external 0K/0K, paused 39ms
I/Gmail   (16279): MainSyncRequestProto: lowestBkwdConvoId: 0, highestHandledServerOp: 589032, normalSync: true
D/Gmail   (16279): Inserting message 1378700619355674359. synced=true
D/dalvikvm(16279): GC_EXPLICIT freed 75K, 48% free 3156K/6023K, external 0K/0K, paused 37ms
I/Gmail   (16279): MainSyncRequestProto: lowestBkwdConvoId: 0, highestHandledServerOp: 589034, normalSync: true
I/ActivityManager( 1060): No longer want android.process.media (pid 12718): hidden #16
I/ActivityManager( 1060): No longer want com.google.android.apps.plus (pid 7619): hidden #16
W/ActivityManager( 1060): Scheduling restart of crashed service com.google.android.apps.plus/com.google.android.apps.uploader.UploadService in 5000ms
W/ActivityManager( 1060): Scheduling restart of crashed service com.google.android.apps.plus/com.google.android.apps.uploader.cloudsync.CloudSyncWatcherService in 15000ms
I/ActivityManager( 1060): Start proc com.google.android.apps.plus for service com.google.android.apps.plus/com.google.android.apps.uploader.UploadService: pid=16434 uid=10102 gids={3003, 1015}
I/ActivityThread(16434): Pub com.google.plus.notifications: com.google.android.apps.circles.notifications.content.NotificationsProvider
I/ActivityThread(16434): Pub com.google.plus.uploader: com.google.android.apps.uploader.UploadsContentProvider
I/ActivityThread(16434): Pub com.google.plus.platform: com.google.android.apps.circles.platform.content.PlatformProvider
I/GooglePlusOne(16434): Loading 7 preferences
D/dalvikvm(16434): GC_CONCURRENT freed 186K, 47% free 3036K/5639K, external 0K/0K, paused 3ms+2ms
D/MediaUploader(16434): UploadService.onCreate
D/MediaUploader(16434): UploadManager.onCreate
D/MediaUploader(16434): CloudSyncWatcherService.onCreate
D/MediaUploader(16434): CloudSyncWatcherService.onStartCommand null
D/MediaUploader(16434): PhoneStateBroadcastReceiver.onReceive: Intent { act=android.intent.action.BATTERY_CHANGED flg=0x60000000 (has extras) }
D/MediaUploader(16434): Battery change, level - 72; plugged in - true
D/MediaUploader(16434): updateQueueState: RUNNING
W/GooglePlusOne(16434): ImageManagerBroadcastReceiver calling ImageManager.clearErrors
D/MediaUploader(16434): UploadService.onHandleIntent: Intent { act=com.google.android.apps.uploader.action.UPLOAD_WAKEUP cmp=com.google.android.apps.plus/com.google.android.apps.uploader.UploadService }
D/MediaUploader(16434): UploadsQueue.getAllPending: elapsed msec=40
D/MediaUploader(16434): UploadsQueue.getAllPending: elapsed msec=3
D/MediaUploader(16434): updateQueueState: RUNNING
I/Gmail   (16279): MainSyncRequestProto: lowestBkwdConvoId: 0, highestHandledServerOp: 589034, normalSync: true
D/dalvikvm(16279): GC_EXPLICIT freed 241K, 48% free 3159K/6023K, external 0K/0K, paused 38ms
I/Gmail   (16279): MainSyncRequestProto: lowestBkwdConvoId: 0, highestHandledServerOp: 589055, normalSync: true
D/Gmail   (16279): Inserting message 1378700657633316590. synced=true
D/dalvikvm(12741): GC_CONCURRENT freed 462K, 51% free 2978K/6023K, external 27K/512K, paused 2ms+1ms
D/dalvikvm(12741): GC_CONCURRENT freed 429K, 51% free 2979K/6023K, external 157K/512K, paused 2ms+2ms
D/dalvikvm(16279): GC_EXPLICIT freed 122K, 48% free 3164K/6023K, external 0K/0K, paused 22ms
I/Gmail   (16279): MainSyncRequestProto: lowestBkwdConvoId: 0, highestHandledServerOp: 589056, normalSync: true
I/Gmail   (16279): Sending notification intent: Intent { act=android.intent.action.PROVIDER_CHANGED dat=content://gmail-ls/unread/^i (has extras) }
I/ActivityManager( 1060): Start proc com.cyanogenmod.cmparts for broadcast com.cyanogenmod.cmparts/.intents.LEDNotificationReceiver: pid=16494 uid=1000 gids={3002, 3001, 3003, 1015}
D/dalvikvm(  982): GC_EXPLICIT freed 11K, 51% free 2679K/5379K, external 0K/0K, paused 32ms
V/NotificationService( 1060): Active profile: Default
I/PROFILE ( 1060): Group: Gmail containing : com.google.android.gm : true
V/NotificationService( 1060): Pkg: com.google.android.gm group: Gmail
D/dalvikvm(  982): GC_EXPLICIT freed <1K, 51% free 2679K/5379K, external 0K/0K, paused 53ms
D/dalvikvm(  982): GC_EXPLICIT freed <1K, 51% free 2679K/5379K, external 0K/0K, paused 20ms
I/ActivityManager( 1060): Start proc android.process.media for content provider com.android.providers.media/.MediaProvider: pid=16506 uid=10021 gids={1015, 2001, 3003}
D/szipinf (16494): Initializing inflate state
I/ActivityThread(16494): Pub com.cyanogenmod.cmparts.provider.Settings: com.cyanogenmod.cmparts.provider.SettingsProvider
I/ActivityThread(16506): Pub downloads: com.android.providers.downloads.DownloadProvider
D/szipinf (16506): Initializing inflate state
I/ActivityThread(16506): Pub drm: com.android.providers.drm.DrmProvider
I/ActivityThread(16506): Pub media: com.android.providers.media.MediaProvider
V/MediaProvider(16506): Attached volume: internal
V/MediaProvider(16506): /mnt/sdcard volume ID: 912417846
V/MediaProvider(16506): Attached volume: external
I/ActivityManager( 1060): No longer want com.android.defcontainer (pid 15778): hidden #16
I/AudioService( 1060):  AudioFocus  requestAudioFocus() from android.media.AudioManager@407e73f8
D/AudioFlinger(  983): setParameters(): io 0, keyvalue nv_a2dp_routing=0, tid 1051, calling tid 983
W/        (  983): @@(Device.cpp-hal)@@ setOutputDevice(), device is 0 return
W/        (  983): @@(Device.cpp-hal)@@ setOutputMute(force unmute)
D/        (  987): @@(Audiofx_transport)@@   NvAudioFxNotifierThread()-IoDeviceVolume, IoDevice=256, LeftVolume=-134217728, RightVolume=1081126168, Mute=0   	  CHR_TEST!! 
D/        (  987): @@(Audiofx_transport)@@	 NvAudioFxNotifierThread() - NvAudioFxEventPowerStateChange - NvAudioFxPowerState_Full		  CHR_TEST!! 
D/        (  987): @@(Audiofx_transport)@@   SetPower() Port = 2, IsEnable = 1 	  CHR_TEST!! 
D/        (  987): @@(Audiofx_transport)@@   SetPower() Port = 1, IsEnable = 1 	  CHR_TEST!! 
D/        (  987): @@(Audiofx_transport)@@   SetPower() Port = 8, IsEnable = 1 	  CHR_TEST!! 
D/        (  987): @@(Audiofx_transport)@@   SetAudioPort() PortDirection = 2, IsEnable =1 	  CHR_TEST!! 
D/        (  987): @@(Audiofx_transport)@@	 NvAudioFxNotifierThread() - NvAudioFxEventPowerStateChange - NvAudioFxPowerState_Low		  CHR_TEST!! 
I/ActivityManager( 1060): No longer want com.facebook.katana (pid 15839): hidden #16
I/AudioService( 1060):  AudioFocus  abandonAudioFocus() from android.media.AudioManager@407e73f8
D/AudioFlinger(  983): setParameters(): io 0, keyvalue nv_a2dp_routing=0, tid 1051, calling tid 983
W/        (  983): @@(Device.cpp-hal)@@ setOutputDevice(), device is 0 return
W/        (  983): @@(Device.cpp-hal)@@ setOutputMute(mute=1)
D/        (  987): @@(Audiofx_transport)@@   NvAudioFxNotifierThread()-IoDeviceVolume, IoDevice=256, LeftVolume=-168, RightVolume=-164, Mute=1   	  CHR_TEST!! 
D/        (  987): @@(Audiofx_transport)@@	 NvAudioFxNotifierThread() - NvAudioFxEventPowerStateChange - NvAudioFxPowerState_Full		  CHR_TEST!! 
D/        (  987): @@(Audiofx_transport)@@	 NvAudioFxNotifierThread() - NvAudioFxEventPowerStateChange - NvAudioFxPowerState_Off		  CHR_TEST!! 
D/        (  987): @@(Audiofx_transport)@@   SetPower() Port = 2, IsEnable = 0 	  CHR_TEST!! 
D/        (  987): @@(Audiofx_transport)@@   SetPower() Port = 8, IsEnable = 0 	  CHR_TEST!! 
D/        (  987): @@(Audiofx_transport)@@   SetAudioPort() PortDirection = 2, IsEnable =0 	  CHR_TEST!! 
D/        (  987): @@(Audiofx_transport)@@   SetPower() Port = 1, IsEnable = 0 	  CHR_TEST!! 
D/dalvikvm(12741): GC_CONCURRENT freed 484K, 51% free 2964K/6023K, external 270K/512K, paused 2ms+1ms
D/dalvikvm(12741): GC_FOR_MALLOC freed 446K, 51% free 2961K/6023K, external 51K/512K, paused 13ms
D/dalvikvm( 1060): GC_EXTERNAL_ALLOC freed 1331K, 44% free 7294K/12807K, external 2377K/2378K, paused 60ms
D/dalvikvm( 1186): GC_EXTERNAL_ALLOC freed 652K, 51% free 3409K/6919K, external 7014K/7038K, paused 44ms
D/dalvikvm(12741): GC_EXPLICIT freed 181K, 52% free 2942K/6023K, external 244K/512K, paused 46ms
D/dalvikvm(12741): GC_CONCURRENT freed 452K, 51% free 2978K/6023K, external 27K/512K, paused 3ms+2ms
D/dalvikvm(12741): GC_FOR_MALLOC freed 462K, 52% free 2947K/6023K, external 157K/512K, paused 14ms
I/ActivityManager( 1060): Start proc com.facebook.katana for broadcast com.facebook.katana/.C2DMReceiver: pid=17006 uid=10108 gids={3003, 1015}
I/ActivityThread(17006): Pub com.facebook.katana.provider.LoggingProvider: com.facebook.katana.provider.LoggingProvider
I/ActivityThread(17006): Pub com.facebook.katana.provider.KeyValueProvider: com.facebook.katana.provider.KeyValueProvider
I/ActivityThread(17006): Pub com.facebook.katana.provider.ChatHistoryProvider: com.facebook.katana.provider.ChatHistoryProvider
I/ActivityThread(17006): Pub com.facebook.katana.provider.CacheProvider: com.facebook.katana.provider.CacheProvider
I/ActivityThread(17006): Pub com.facebook.katana.provider.MailboxProvider: com.facebook.katana.provider.MailboxProvider
I/ActivityThread(17006): Pub com.facebook.katana.provider.UserStatusesProvider: com.facebook.katana.provider.UserStatusesProvider
I/ActivityThread(17006): Pub com.facebook.katana.provider.EventsProvider: com.facebook.katana.provider.EventsProvider
I/ActivityThread(17006): Pub com.facebook.katana.provider.NotificationsProvider: com.facebook.katana.provider.NotificationsProvider
I/ActivityThread(17006): Pub com.facebook.katana.provider.UserValuesProvider: com.facebook.katana.provider.UserValuesProvider
I/ActivityThread(17006): Pub com.facebook.katana.provider.PagesProvider: com.facebook.katana.provider.PagesProvider
I/ActivityThread(17006): Pub com.facebook.katana.provider.PhotosProvider: com.facebook.katana.provider.PhotosProvider
I/ActivityThread(17006): Pub com.facebook.katana.provider.ConnectionsProvider: com.facebook.katana.provider.ConnectionsProvider
D/dalvikvm(17006): GC_CONCURRENT freed 185K, 47% free 2999K/5639K, external 0K/0K, paused 2ms+2ms
D/dalvikvm(17006): GC_EXTERNAL_ALLOC freed 154K, 46% free 3192K/5831K, external 0K/0K, paused 25ms
V/NotificationService( 1060): Active profile: Default
I/PROFILE ( 1060): Group: Gmail containing : com.facebook.katana : false
I/PROFILE ( 1060): Group: Phone containing : com.facebook.katana : false
I/PROFILE ( 1060): Group: Calendar containing : com.facebook.katana : false
I/PROFILE ( 1060): Group: Email containing : com.facebook.katana : false
I/PROFILE ( 1060): Group: SMS containing : com.facebook.katana : false
V/ProfileManager( 1060): No active group, returning default: Other
V/NotificationService( 1060): Pkg: com.facebook.katana group: Other
W/GTalkService( 1222): [DataMsgMgr] broadcast intent callback: result=CANCELLED forIntent { act=com.google.android.c2dm.intent.RECEIVE cat=[com.facebook.katana] (has extras) }
D/dalvikvm(17006): GC_CONCURRENT freed 175K, 45% free 3290K/5959K, external 4K/516K, paused 2ms+2ms
D/dalvikvm(17006): GC_CONCURRENT freed 301K, 46% free 3452K/6279K, external 0K/512K, paused 2ms+2ms
D/dalvikvm(17006): GC_CONCURRENT freed 436K, 47% free 3456K/6407K, external 0K/512K, paused 2ms+2ms
D/dalvikvm(17006): GC_CONCURRENT freed 477K, 47% free 3454K/6407K, external 0K/512K, paused 2ms+2ms
D/dalvikvm(17006): GC_CONCURRENT freed 502K, 46% free 3505K/6471K, external 0K/512K, paused 1ms+2ms
D/dalvikvm(17006): GC_CONCURRENT freed 491K, 47% free 3476K/6471K, external 0K/512K, paused 1ms+2ms
D/dalvikvm(17006): GC_CONCURRENT freed 436K, 47% free 3449K/6471K, external 0K/512K, paused 1ms+2ms
D/dalvikvm(17006): GC_CONCURRENT freed 292K, 46% free 3558K/6471K, external 0K/512K, paused 2ms+2ms
D/dalvikvm(17006): GC_FOR_MALLOC freed 293K, 46% free 3539K/6471K, external 0K/512K, paused 33ms
I/dalvikvm-heap(17006): Grow heap (frag case) to 5.939MB for 81282-byte allocation
D/dalvikvm(17006): GC_FOR_MALLOC freed 8K, 46% free 3610K/6599K, external 0K/512K, paused 30ms
D/dalvikvm(17006): GC_FOR_MALLOC freed 40K, 46% free 3570K/6599K, external 0K/512K, paused 29ms
I/dalvikvm-heap(17006): Grow heap (frag case) to 6.046MB for 162624-byte allocation
D/dalvikvm(17006): GC_FOR_MALLOC freed 0K, 46% free 3729K/6791K, external 0K/512K, paused 28ms
D/dalvikvm(17006): GC_FOR_MALLOC freed 82K, 45% free 3737K/6791K, external 0K/512K, paused 19ms
D/dalvikvm(17006): GC_FOR_MALLOC freed <1K, 45% free 3796K/6791K, external 0K/512K, paused 18ms
I/dalvikvm-heap(17006): Grow heap (frag case) to 6.228MB for 120756-byte allocation
D/dalvikvm(17006): GC_FOR_MALLOC freed 0K, 44% free 3914K/6919K, external 0K/512K, paused 18ms
D/dalvikvm(17006): GC_FOR_MALLOC freed 118K, 45% free 3855K/6919K, external 0K/512K, paused 17ms
I/dalvikvm-heap(17006): Grow heap (frag case) to 6.401MB for 241496-byte allocation
D/dalvikvm(17006): GC_FOR_MALLOC freed 0K, 43% free 4091K/7175K, external 0K/512K, paused 17ms
D/dalvikvm(17006): GC_FOR_MALLOC freed <1K, 43% free 4091K/7175K, external 0K/512K, paused 17ms
I/dalvikvm-heap(17006): Grow heap (frag case) to 6.516MB for 120756-byte allocation
D/dalvikvm(17006): GC_FOR_MALLOC freed 0K, 43% free 4209K/7303K, external 0K/512K, paused 17ms
D/dalvikvm(17006): GC_CONCURRENT freed 528K, 45% free 4074K/7303K, external 0K/512K, paused 2ms+3ms
I/dalvikvm(17006): Total arena pages for JIT: 11
D/dalvikvm(17006): GC_CONCURRENT freed 299K, 44% free 4161K/7303K, external 0K/512K, paused 1ms+4ms
D/dalvikvm(17006): GC_CONCURRENT freed 344K, 43% free 4202K/7303K, external 0K/512K, paused 2ms+3ms
D/dalvikvm(17006): GC_CONCURRENT freed 354K, 42% free 4254K/7303K, external 0K/512K, paused 2ms+3ms
D/dalvikvm(17006): GC_CONCURRENT freed 606K, 45% free 4052K/7303K, external 0K/512K, paused 1ms+3ms
I/ActivityManager( 1060): No longer want com.noshufou.android.su (pid 15862): hidden #16
D/dalvikvm(16494): GC_EXPLICIT freed 66K, 50% free 2711K/5379K, external 0K/0K, paused 37ms
D/dalvikvm(17006): GC_CONCURRENT freed 807K, 49% free 3756K/7303K, external 0K/512K, paused 3ms+3ms
D/dalvikvm(17006): GC_CONCURRENT freed 734K, 52% free 3534K/7303K, external 0K/512K, paused 2ms+2ms
D/dalvikvm(17006): GC_CONCURRENT freed 311K, 51% free 3622K/7303K, external 0K/512K, paused 6ms+2ms
D/dalvikvm(12741): GC_CONCURRENT freed 455K, 51% free 2980K/6023K, external 271K/512K, paused 5ms+2ms
D/dalvikvm(12741): GC_FOR_MALLOC freed 462K, 52% free 2948K/6023K, external 69K/512K, paused 14ms
D/dalvikvm(12741): GC_CONCURRENT freed 115K, 51% free 2972K/6023K, external 244K/512K, paused 1ms+1ms
D/dalvikvm( 1060): GC_EXTERNAL_ALLOC freed 461K, 44% free 7292K/12807K, external 2399K/2399K, paused 60ms
D/dalvikvm(12741): GC_EXPLICIT freed 54K, 52% free 2944K/6023K, external 244K/512K, paused 47ms
D/AirMail ( 1621): keepalive read
D/dalvikvm(12741): GC_CONCURRENT freed 432K, 51% free 2977K/6023K, external 27K/512K, paused 5ms+4ms
D/dalvikvm(12741): GC_CONCURRENT freed 428K, 51% free 2980K/6023K, external 157K/512K, paused 2ms+1ms
