I/WindowManager( 1060): WIN DEATH: Window{409fa598 com.miadzin.shmup/com.miadzin.shmup.TouchpadNAActivity paused=false}
I/ActivityManager( 1060): Start proc com.cyanogenmod.cmparts for broadcast com.cyanogenmod.cmparts/.intents.LEDNotificationReceiver: pid=12708 uid=1000 gids={3002, 3001, 3003, 1015}
I/ActivityManager( 1060): Start proc android.process.media for content provider com.android.providers.media/.MediaProvider: pid=12718 uid=10021 gids={1015, 2001, 3003}
I/ActivityManager( 1060): No longer want com.facebook.katana (pid 8721): hidden #16
I/ActivityManager( 1060): No longer want com.levelup.beautifulwidgets (pid 13819): hidden #16
W/ProcessStats( 1060): Skipping unknown process pid 12735
W/ProcessStats( 1060): Skipping unknown process pid 12736
I/ActivityManager( 1060): Start proc com.levelup.beautifulwidgets for broadcast com.levelup.beautifulwidgets/.TextClockWidget: pid=12741 uid=10113 gids={3003, 3002, 3001, 1015}
I/ActivityManager( 1060): No longer want com.android.defcontainer (pid 7872): hidden #16
I/ActivityManager( 1060): No longer want com.skype.raider (pid 4643): hidden #16
W/ActivityManager( 1060): Scheduling restart of crashed service com.skype.raider/com.skype.MainService in 5000ms
I/ActivityManager( 1060): Start proc com.skype.raider for service com.skype.raider/com.skype.MainService: pid=12891 uid=10127 gids={1006, 3003, 3002, 1015}
W/ProcessStats( 1060): Skipping unknown process pid 13264
W/ProcessStats( 1060): Skipping unknown process pid 13265
I/ActivityManager( 1060): No longer want com.cyanogenmod.LGEServices (pid 5547): hidden #16
W/ActivityManager( 1060): Scheduling restart of crashed service com.cyanogenmod.LGEServices/.LGEServices in 5000ms
I/ActivityManager( 1060): Start proc com.cyanogenmod.LGEServices for service com.cyanogenmod.LGEServices/.LGEServices: pid=13739 uid=1000 gids={3002, 3001, 3003, 1015}
I/ActivityManager( 1060): Start proc com.android.defcontainer for service com.android.defcontainer/.DefaultContainerService: pid=14163 uid=10032 gids={1015, 2001}
W/ActivityManager( 1060): No content provider found for: 
W/ActivityManager( 1060): No content provider found for: 
I/ActivityManager( 1060): No longer want com.noshufou.android.su (pid 9328): hidden #16
I/ActivityManager( 1060): Force stopping package com.miadzin.shmup uid=10121
I/PackageManager( 1060): Package com.miadzin.shmup codePath changed from /data/app/com.miadzin.shmup-1.apk to /data/app/com.miadzin.shmup-2.apk; Retaining data and using new
I/PackageManager( 1060): Unpacking native libraries for /data/app/com.miadzin.shmup-2.apk
I/ActivityManager( 1060): Force stopping package com.miadzin.shmup uid=10121
W/PackageManager( 1060): Code path for pkg : com.miadzin.shmup changing from /data/app/com.miadzin.shmup-1.apk to /data/app/com.miadzin.shmup-2.apk
W/PackageManager( 1060): Resource path for pkg : com.miadzin.shmup changing from /data/app/com.miadzin.shmup-1.apk to /data/app/com.miadzin.shmup-2.apk
I/ActivityManager( 1060): Force stopping package com.miadzin.shmup uid=10121
I/ActivityManager( 1060): Start proc com.noshufou.android.su for broadcast com.noshufou.android.su/.UninstallReceiver: pid=14240 uid=10011 gids={1015, 3003}
I/ActivityManager( 1060): No longer want com.google.android.partnersetup (pid 7969): hidden #16
W/ProcessStats( 1060): Skipping unknown process pid 14857
W/ProcessStats( 1060): Skipping unknown process pid 14858
I/ActivityManager( 1060): Start proc com.twitter.android for service com.twitter.android/.client.AppService: pid=15230 uid=10071 gids={3003}
I/ActivityManager( 1060): No longer want com.android.defcontainer (pid 14163): hidden #16
--------- beginning of /dev/log/main
D/        (  983): Graph_EventHandler: Cmd Complete for AUDDEC [0]
D/        (  983): Graph_EventHandler: Sem signalled for AUDDEC OMX.Nvidia.aac.decoder
D/        (  983): State change started: android.audio from 4 to 2
D/        (  983): State change completed: android.audio from 4 to 2
D/        (  983): Graph_EventHandler: Cmd Complete for AUDREND [0]
D/        (  983): Graph_EventHandler: Sem signalled for AUDREND android.audio
D/        (  983): [0]-th component name OMX.Nvidia.clock.component
D/        (  983): [1]-th component name OMX.Nvidia.reader
D/        (  983): [2]-th component name OMX.Nvidia.aac.decoder
D/        (  983): [3]-th component name android.audio
D/        (  983): State change started: OMX.Nvidia.clock.component from 2 to 1
D/        (  983): State change started: android.audio from 2 to 1
D/        (  983): State change completed: android.audio from 2 to 1
D/        (  983): Graph_EventHandler: Cmd Complete for AUDREND [0]
D/        (  983): Graph_EventHandler: Sem signalled for AUDREND android.audio
D/        (  983): State change started: OMX.Nvidia.clock.component from 2 to 1
D/        (  983): State change completed: OMX.Nvidia.clock.component from 2 to 1
D/        (  983): Graph_EventHandler: Cmd Complete for clock [0]
D/        (  983): Graph_EventHandler: Sem signalled for clock OMX.Nvidia.clock.component
D/        (  983): State change started: OMX.Nvidia.aac.decoder from 2 to 1
D/        (  983): State change started: OMX.Nvidia.reader from 2 to 1
D/        (  983): State change completed: OMX.Nvidia.aac.decoder from 2 to 1
D/        (  983): Graph_EventHandler: Cmd Complete for AUDDEC [0]
D/        (  983): Graph_EventHandler: Sem signalled for AUDDEC OMX.Nvidia.aac.decoder
D/        (  987): NVRM_DAEMON(819): rt_exist=1, add client ref
D/        (  983): State change completed: OMX.Nvidia.reader from 2 to 1
D/        (  983): Graph_EventHandler: Cmd Complete for READER [0]
D/        (  983): Graph_EventHandler: Sem signalled for READER OMX.Nvidia.reader
D/        (  987): NVRM_DAEMON(499): client process closed connection
D/        (  987): NVRM_DAEMON(499): client process closed connection
D/        (  983): setting block activity: 0
V/OMXPlayer(  983): resetting
E/OMXPlayer(  983): reset done 0x153eb8
E/OMXPlayer(  983): destructor: 0x153eb8 done 
D/dalvikvm(15230): GC_EXTERNAL_ALLOC freed 167K, 47% free 3332K/6215K, external 0K/0K, paused 34ms
E/MediaPlayerService(  983):  create BoardHWPlayer
E/OMXPlayer(  983): Creating new NVOMXPlayer: 0x1584d8
E/OMXPlayer(  983): onFirstRef ++
E/OMXPlayer(  983): onFirstRef --
E/OMXPlayer(  983): setdatasource ++ 0x1584d8 
V/OMXPlayer(  983): setDataSource delete 0 
E/OMXPlayer(  983): 0x1584d8 setDataSource url=droid://40:126984:4717
V/OMXPlayer(  983): setDataSource mState != STATE_SUSPEND
V/OMXPlayer(  983): Worker Thread Enter + 
E/OMXPlayer(  983): render thread(15331) started: 0x1584d8
V/OMXPlayer(  983): setDataSource exit
E/OMXPlayer(  983): prepareAsync: 0x1584d8
V/OMXPlayer(  983): prepareAsync mCondition.signal 
V/OMXPlayer(  983): prepareAsync done 
V/OMXPlayer(  983): worker calling prepare() 
E/OMXPlayer(  983): prepare 0x1584d8
D/        (  983): Graph_EventHandler: Cmd Complete for clock [2]
D/        (  983): Graph_EventHandler: Sem signalled for clock OMX.Nvidia.clock.component
D/        (  983): Graph_EventHandler: Cmd Complete for clock [2]
D/        (  983): Graph_EventHandler: Sem signalled for clock OMX.Nvidia.clock.component
D/        (  983): Graph_EventHandler: Cmd Complete for clock [2]
D/        (  983): Graph_EventHandler: Sem signalled for clock OMX.Nvidia.clock.component
D/        (  983): Graph_EventHandler: Cmd Complete for clock [2]
D/        (  983): Graph_EventHandler: Sem signalled for clock OMX.Nvidia.clock.component
D/        (  983): Graph_EventHandler: Cmd Complete for clock [2]
D/        (  983): Graph_EventHandler: Sem signalled for clock OMX.Nvidia.clock.component
D/        (  983): Graph_EventHandler: Cmd Complete for clock [2]
D/        (  983): Graph_EventHandler: Sem signalled for clock OMX.Nvidia.clock.component
D/        (  983): Graph_EventHandler: Cmd Complete for clock [2]
D/        (  983): Graph_EventHandler: Sem signalled for clock OMX.Nvidia.clock.component
D/        (  983): Graph_EventHandler: Cmd Complete for clock [2]
D/        (  983): Graph_EventHandler: Sem signalled for clock OMX.Nvidia.clock.component
E/OMXPlayer(  983): 0x1584d8 Creating player for: droid://40:126984:4717
D/        (  987): NVRM_DAEMON(819): rt_exist=1, add client ref
V/Nvxplayergraph(  983): NVOMX_RegisterComponent = OMX.Nvidia.aac.decoder
D/        (  983): Graph_EventHandler: Cmd Complete for READER [2]
D/        (  983): Graph_EventHandler: Sem signalled for READER OMX.Nvidia.reader
V/Nvxplayergraph(  983): ----------Audio[8]------------
V/Nvxplayergraph(  983):  decoder = OMX.Nvidia.aac.decoder 
V/Nvxplayergraph(  983):  bps = 0
V/Nvxplayergraph(  983):  sf = 44100
V/Nvxplayergraph(  983):  bitrate = 128000
V/Nvxplayergraph(  983):  ch = 1
V/Nvxplayergraph(  983): -------------------------------
D/        (  983): [0]-th component name OMX.Nvidia.clock.component
D/        (  983): [1]-th component name OMX.Nvidia.reader
D/        (  983): [2]-th component name OMX.Nvidia.aac.decoder
D/        (  983): [3]-th component name android.audio
D/        (  983): Graph_EventHandler: Cmd Complete for clock [3]
D/        (  983): Graph_EventHandler: Sem signalled for clock OMX.Nvidia.clock.component
D/        (  983): State change started: OMX.Nvidia.clock.component from 1 to 2
D/        (  983): State change started: OMX.Nvidia.reader from 1 to 2
D/        (  983): State change started: OMX.Nvidia.aac.decoder from 1 to 2
D/        (  983): State change started: android.audio from 1 to 2
D/        (  983): State change completed: android.audio from 1 to 2
D/        (  983): Graph_EventHandler: Cmd Complete for AUDREND [0]
D/        (  983): State change started: OMX.Nvidia.clock.component from 1 to 2
D/        (  983): Graph_EventHandler: Sem signalled for AUDREND android.audio
D/        (  983): State change completed: OMX.Nvidia.clock.component from 1 to 2
D/        (  983): Graph_EventHandler: Cmd Complete for clock [0]
D/        (  983): Graph_EventHandler: Sem signalled for clock OMX.Nvidia.clock.component
D/        (  983): State change started: OMX.Nvidia.aac.decoder from 1 to 2
D/        (  983): State change started: OMX.Nvidia.reader from 1 to 2
D/        (  987): NVRM_DAEMON(819): rt_exist=1, add client ref
D/        (  983): State change completed: OMX.Nvidia.aac.decoder from 1 to 2
D/        (  983): Graph_EventHandler: Cmd Complete for AUDDEC [0]
D/        (  983): Graph_EventHandler: Sem signalled for AUDDEC OMX.Nvidia.aac.decoder
D/        (  983): State change completed: OMX.Nvidia.reader from 1 to 2
D/        (  983): Graph_EventHandler: Cmd Complete for READER [0]
D/        (  983): Graph_EventHandler: Sem signalled for READER OMX.Nvidia.reader
E/OMXPlayer(  983): prepare done 0x1584d8
V/OMXPlayer(  983): worker before pause call
E/OMXPlayer(  983): render - signal wait 0x1584d8
E/OMXPlayer(  983): start 0x1584d8
V/OMXPlayer(  983):   wakeup render thread
E/OMXPlayer(  983): render - signal rx'd 0x1584d8
D/        (  983): [0]-th component name OMX.Nvidia.clock.component
D/        (  983): [1]-th component name OMX.Nvidia.reader
D/        (  983): [2]-th component name OMX.Nvidia.aac.decoder
D/        (  983): [3]-th component name android.audio
D/        (  983): State change started: OMX.Nvidia.aac.decoder from 2 to 3
D/        (  983): State change started: android.audio from 2 to 3
D/        (  983): State change started: OMX.Nvidia.clock.component from 2 to 3
D/        (  983): State change completed: OMX.Nvidia.clock.component from 2 to 3
D/        (  983): Graph_EventHandler: Cmd Complete for clock [0]
D/        (  983): Graph_EventHandler: Sem signalled for clock OMX.Nvidia.clock.component
D/        (  983): State change started: OMX.Nvidia.reader from 2 to 3
D/        (  983): State change completed: OMX.Nvidia.reader from 2 to 3
D/        (  983): Graph_EventHandler: Cmd Complete for READER [0]
D/        (  983): Graph_EventHandler: Sem signalled for READER OMX.Nvidia.reader
D/        (  983): State change completed: OMX.Nvidia.aac.decoder from 2 to 3
D/        (  983): Graph_EventHandler: Cmd Complete for AUDDEC [0]
D/        (  983): Graph_EventHandler: Sem signalled for AUDDEC OMX.Nvidia.aac.decoder
D/        (  983): Graph_EventHandler: Sem signalled for AUDDEC OMX.Nvidia.aac.decoder
D/        (  983): State change started: android.audio from 2 to 3
D/        (  983): Graph_EventHandler: Sem signalled for AUDDEC OMX.Nvidia.aac.decoder
D/        (  983): State change completed: android.audio from 2 to 3
D/        (  983): Graph_EventHandler: Cmd Complete for AUDREND [0]
D/        (  983): Graph_EventHandler: Sem signalled for AUDREND android.audio
D/        (  983): Graph_EventHandler: Sem signalled for AUDREND android.audio
E/OMXPlayer(  983): playback complete: 0x1584d8
V/OMXPlayer(  983): send MEDIA_PLAYBACK_COMPLETE 0x1584d8 
E/OMXPlayer(  983): reset: 0x1584d8
D/        (  983): setting block activity: 1
D/        (  983): setting block activity: 0
V/OMXPlayer(  983): resetting
E/OMXPlayer(  983): reset done 0x1584d8
E/OMXPlayer(  983): destructor: 0x1584d8
V/OMXPlayer(  983): m_Framework: 16ec8
D/        (  983): setting block activity: 1
D/        (  983): [0]-th component name OMX.Nvidia.clock.component
D/        (  983): [1]-th component name OMX.Nvidia.reader
D/        (  983): [2]-th component name OMX.Nvidia.aac.decoder
D/        (  983): [3]-th component name android.audio
D/        (  983): State change started: OMX.Nvidia.clock.component from 3 to 4
D/        (  983): State change completed: OMX.Nvidia.clock.component from 3 to 4
D/        (  983): Graph_EventHandler: Cmd Complete for clock [0]
D/        (  983): Graph_EventHandler: Sem signalled for clock OMX.Nvidia.clock.component
D/        (  983): State change started: android.audio from 3 to 4
D/        (  983): State change completed: android.audio from 3 to 4
D/        (  983): Graph_EventHandler: Cmd Complete for AUDREND [0]
D/        (  983): Graph_EventHandler: Sem signalled for AUDREND android.audio
D/        (  983): State change started: OMX.Nvidia.reader from 3 to 4
D/        (  983): State change started: OMX.Nvidia.aac.decoder from 3 to 4
D/        (  983): State change completed: OMX.Nvidia.reader from 3 to 4
D/        (  983): Graph_EventHandler: Cmd Complete for READER [0]
D/        (  983): Graph_EventHandler: Sem signalled for READER OMX.Nvidia.reader
D/        (  983): State change completed: OMX.Nvidia.aac.decoder from 3 to 4
D/        (  983): Graph_EventHandler: Cmd Complete for AUDDEC [0]
D/        (  983): Graph_EventHandler: Sem signalled for AUDDEC OMX.Nvidia.aac.decoder
D/        (  983): setting block activity: 0
E/OMXPlayer(  983): Worker Thread Exit -
D/        (  987): NVRM_DAEMON(499): client process closed connection
D/        (  983): [0]-th component name OMX.Nvidia.clock.component
D/        (  983): [1]-th component name OMX.Nvidia.reader
D/        (  983): [2]-th component name OMX.Nvidia.aac.decoder
D/        (  983): [3]-th component name android.audio
D/        (  983): State change started: OMX.Nvidia.clock.component from 4 to 2
D/        (  983): State change completed: OMX.Nvidia.clock.component from 4 to 2
D/        (  983): Graph_EventHandler: Cmd Complete for clock [0]
D/        (  983): Graph_EventHandler: Sem signalled for clock OMX.Nvidia.clock.component
D/        (  983): State change started: android.audio from 4 to 2
D/        (  983): State change started: OMX.Nvidia.aac.decoder from 4 to 2
D/        (  983): State change started: OMX.Nvidia.reader from 4 to 2
D/        (  983): State change completed: OMX.Nvidia.reader from 4 to 2
D/        (  983): Graph_EventHandler: Cmd Complete for READER [0]
D/        (  983): Graph_EventHandler: Sem signalled for READER OMX.Nvidia.reader
D/        (  983): State change started: android.audio from 4 to 2
D/        (  983): State change completed: OMX.Nvidia.aac.decoder from 4 to 2
D/        (  983): State change completed: android.audio from 4 to 2
D/        (  983): Graph_EventHandler: Cmd Complete for AUDDEC [0]
D/        (  983): Graph_EventHandler: Cmd Complete for AUDREND [0]
D/        (  983): Graph_EventHandler: Sem signalled for AUDDEC OMX.Nvidia.aac.decoder
D/        (  983): Graph_EventHandler: Sem signalled for AUDREND android.audio
D/        (  983): [0]-th component name OMX.Nvidia.clock.component
D/        (  983): [1]-th component name OMX.Nvidia.reader
D/        (  983): [2]-th component name OMX.Nvidia.aac.decoder
D/        (  983): [3]-th component name android.audio
D/        (  983): State change started: OMX.Nvidia.clock.component from 2 to 1
D/        (  983): State change started: OMX.Nvidia.reader from 2 to 1
D/        (  983): State change started: android.audio from 2 to 1
D/        (  983): State change started: OMX.Nvidia.aac.decoder from 2 to 1
D/        (  987): NVRM_DAEMON(819): rt_exist=1, add client ref
D/        (  983): State change completed: android.audio from 2 to 1
D/        (  983): Graph_EventHandler: Cmd Complete for AUDREND [0]
D/        (  983): Graph_EventHandler: Sem signalled for AUDREND android.audio
D/        (  983): State change started: OMX.Nvidia.clock.component from 2 to 1
D/        (  983): State change completed: OMX.Nvidia.clock.component from 2 to 1
D/        (  983): Graph_EventHandler: Cmd Complete for clock [0]
D/        (  983): Graph_EventHandler: Sem signalled for clock OMX.Nvidia.clock.component
D/        (  983): State change started: OMX.Nvidia.reader from 2 to 1
D/        (  983): State change completed: OMX.Nvidia.aac.decoder from 2 to 1
D/        (  983): Graph_EventHandler: Cmd Complete for AUDDEC [0]
D/        (  983): Graph_EventHandler: Sem signalled for AUDDEC OMX.Nvidia.aac.decoder
D/        (  983): State change completed: OMX.Nvidia.reader from 2 to 1
D/        (  983): Graph_EventHandler: Cmd Complete for READER [0]
D/        (  983): Graph_EventHandler: Sem signalled for READER OMX.Nvidia.reader
D/        (  987): NVRM_DAEMON(499): client process closed connection
D/        (  987): NVRM_DAEMON(499): client process closed connection
D/        (  983): setting block activity: 0
V/OMXPlayer(  983): resetting
E/OMXPlayer(  983): reset done 0x1584d8
E/OMXPlayer(  983): destructor: 0x1584d8 done 
I/Gmail   (10573): MainSyncRequestProto: lowestBkwdConvoId: 0, highestHandledServerOp: 588999, normalSync: true
D/dalvikvm(15230): GC_CONCURRENT freed 465K, 47% free 3414K/6343K, external 40K/532K, paused 3ms+3ms
D/dalvikvm(15230): GC_CONCURRENT freed 570K, 48% free 3372K/6407K, external 20K/532K, paused 2ms+2ms
D/dalvikvm(15230): GC_CONCURRENT freed 290K, 46% free 3486K/6407K, external 20K/532K, paused 4ms+3ms
D/dalvikvm(10573): GC_EXPLICIT freed 179K, 49% free 3202K/6215K, external 0K/0K, paused 42ms
I/Gmail   (10573): MainSyncRequestProto: lowestBkwdConvoId: 0, highestHandledServerOp: 589017, normalSync: true
D/dalvikvm( 1060): GC_EXPLICIT freed 453K, 43% free 7311K/12807K, external 2327K/2406K, paused 80ms
D/dalvikvm(12741): GC_CONCURRENT freed 458K, 51% free 2978K/6023K, external 27K/512K, paused 2ms+2ms
D/dalvikvm(12741): GC_CONCURRENT freed 429K, 51% free 2979K/6023K, external 157K/512K, paused 2ms+2ms
D/dalvikvm( 1186): GC_EXTERNAL_ALLOC freed 773K, 50% free 3460K/6919K, external 6894K/6928K, paused 38ms
D/dalvikvm( 1148): GC_CONCURRENT freed 394K, 50% free 3209K/6343K, external 1834K/2136K, paused 2ms+4ms
D/Gmail   (10573): Inserting message 1378699776195021445. synced=true
D/Gmail   (10573): Inserting message 1378699781185379680. synced=true
D/Gmail   (10573): Inserting message 1378700409911892756. synced=true
D/dalvikvm(10573): GC_EXPLICIT freed 132K, 49% free 3211K/6215K, external 0K/0K, paused 55ms
I/Gmail   (10573): MainSyncRequestProto: lowestBkwdConvoId: 0, highestHandledServerOp: 589018, normalSync: true
I/Gmail   (10573): Sending notification intent: Intent { act=android.intent.action.PROVIDER_CHANGED dat=content://gmail-ls/unread/^i (has extras) }
V/NotificationService( 1060): Active profile: Default
I/PROFILE ( 1060): Group: Gmail containing : com.google.android.gm : true
V/NotificationService( 1060): Pkg: com.google.android.gm group: Gmail
I/AudioService( 1060):  AudioFocus  requestAudioFocus() from android.media.AudioManager@407e73f8
D/AudioFlinger(  983): setParameters(): io 0, keyvalue nv_a2dp_routing=0, tid 1051, calling tid 983
W/        (  983): @@(Device.cpp-hal)@@ setOutputDevice(), device is 0 return
W/        (  983): @@(Device.cpp-hal)@@ setOutputMute(force unmute)
D/        (  987): @@(Audiofx_transport)@@   NvAudioFxNotifierThread()-IoDeviceVolume, IoDevice=256, LeftVolume=-134217728, RightVolume=1081126168, Mute=0   	  CHR_TEST!! 
D/        (  987): @@(Audiofx_transport)@@	 NvAudioFxNotifierThread() - NvAudioFxEventPowerStateChange - NvAudioFxPowerState_Full		  CHR_TEST!! 
D/        (  987): @@(Audiofx_transport)@@   SetPower() Port = 2, IsEnable = 1 	  CHR_TEST!! 
D/        (  987): @@(Audiofx_transport)@@   SetPower() Port = 1, IsEnable = 1 	  CHR_TEST!! 
D/        (  987): @@(Audiofx_transport)@@   SetPower() Port = 8, IsEnable = 1 	  CHR_TEST!! 
D/        (  987): @@(Audiofx_transport)@@   SetAudioPort() PortDirection = 2, IsEnable =1 	  CHR_TEST!! 
D/        (  987): @@(Audiofx_transport)@@	 NvAudioFxNotifierThread() - NvAudioFxEventPowerStateChange - NvAudioFxPowerState_Low		  CHR_TEST!! 
I/AudioService( 1060):  AudioFocus  abandonAudioFocus() from android.media.AudioManager@407e73f8
D/AudioFlinger(  983): setParameters(): io 0, keyvalue nv_a2dp_routing=0, tid 1051, calling tid 983
W/        (  983): @@(Device.cpp-hal)@@ setOutputDevice(), device is 0 return
W/        (  983): @@(Device.cpp-hal)@@ setOutputMute(mute=1)
D/        (  987): @@(Audiofx_transport)@@   NvAudioFxNotifierThread()-IoDeviceVolume, IoDevice=256, LeftVolume=-168, RightVolume=-164, Mute=1   	  CHR_TEST!! 
D/        (  987): @@(Audiofx_transport)@@	 NvAudioFxNotifierThread() - NvAudioFxEventPowerStateChange - NvAudioFxPowerState_Full		  CHR_TEST!! 
D/dalvikvm(10573): GC_EXPLICIT freed 89K, 49% free 3197K/6215K, external 0K/0K, paused 22ms
D/        (  987): @@(Audiofx_transport)@@	 NvAudioFxNotifierThread() - NvAudioFxEventPowerStateChange - NvAudioFxPowerState_Off		  CHR_TEST!! 
D/        (  987): @@(Audiofx_transport)@@   SetPower() Port = 2, IsEnable = 0 	  CHR_TEST!! 
D/        (  987): @@(Audiofx_transport)@@   SetPower() Port = 8, IsEnable = 0 	  CHR_TEST!! 
D/        (  987): @@(Audiofx_transport)@@   SetAudioPort() PortDirection = 2, IsEnable =0 	  CHR_TEST!! 
D/        (  987): @@(Audiofx_transport)@@   SetPower() Port = 1, IsEnable = 0 	  CHR_TEST!! 
I/ActivityManager( 1060): Starting: Intent { act=android.intent.action.MAIN cat=[android.intent.category.LAUNCHER] flg=0x10200000 cmp=com.miadzin.shmup/.TouchpadNAActivity bnds=[5,410][115,540] } from pid 1186
I/ActivityManager( 1060): Start proc com.miadzin.shmup for activity com.miadzin.shmup/.TouchpadNAActivity: pid=15407 uid=10121 gids={3003, 1015}
W/ResourceType( 1060): Skipping entry 0x7f040007 in package table 0 because it is not complex!
W/ResourceType( 1060): Skipping entry 0x7f040008 in package table 0 because it is not complex!
D/dalvikvm(15407): Trying to load lib /data/data/com.miadzin.shmup/lib/libopenal.so 0x405153c8
D/dalvikvm(15407): Added shared lib /data/data/com.miadzin.shmup/lib/libopenal.so 0x405153c8
D/dalvikvm(15407): Trying to load lib /data/data/com.miadzin.shmup/lib/libshmup.so 0x405153c8
D/dalvikvm(15407): Added shared lib /data/data/com.miadzin.shmup/lib/libshmup.so 0x405153c8
D/dalvikvm(15407): No JNI_OnLoad found in /data/data/com.miadzin.shmup/lib/libshmup.so 0x405153c8, skipping init
I/libshmup(15407): [Filesystem] Initialized.
W/InputManagerService( 1060): Got RemoteException sending setActive(false) notification to pid 12649 uid 10121
I/DEBUG   ( 3983): *** *** *** *** *** *** *** *** *** *** *** *** *** *** *** ***
I/DEBUG   ( 3983): Build fingerprint: 'lge/lge_lge_star/p999:2.3.3/GRI40/lgp999-V21e.41fdc8a2:user/release-keys'
I/DEBUG   ( 3983): pid: 15407, tid: 15416  >>> com.miadzin.shmup <<<
I/DEBUG   ( 3983): signal 11 (SIGSEGV), code 1 (SEGV_MAPERR), fault addr 00000000
I/DEBUG   ( 3983):  r0 00000001  r1 73797365  r2 00000000  r3 8064ed84
I/DEBUG   ( 3983):  r4 8064ed84  r5 8060ecbd  r6 0013b350  r7 00000078
I/DEBUG   ( 3983):  r8 8060ecbd  r9 0013b350  10 00100000  fp 00000001
I/DEBUG   ( 3983):  ip ffffff1c  sp 44ae2bc8  lr 8061add5  pc 8061abca  cpsr 20000030
I/DEBUG   ( 3983):  d0  41a000003dcccccd  d1  3ff0000000000000
I/DEBUG   ( 3983):  d2  4d82d98f42473e19  d3  00540ff04a277ce0
I/DEBUG   ( 3983):  d4  3fbc71c70029df38  d5  3fe999999999999a
I/DEBUG   ( 3983):  d6  013f0b0000000000  d7  4173f0b008000000
I/DEBUG   ( 3983):  d8  0000000000000000  d9  0000000000000000
I/DEBUG   ( 3983):  d10 0000000000000000  d11 0000000000000000
I/DEBUG   ( 3983):  d12 0000000000000000  d13 0000000000000000
I/DEBUG   ( 3983):  d14 0000000000000000  d15 0000000000000000
I/DEBUG   ( 3983):  scr 60000010
I/DEBUG   ( 3983): 
I/DEBUG   ( 3983):          #00  pc 0001abca  /data/data/com.miadzin.shmup/lib/libshmup.so (prtCurrentIsWhiteChar)
I/DEBUG   ( 3983):          #01  pc 0001add0  /data/data/com.miadzin.shmup/lib/libshmup.so (LE_skipWhiteSpace)
I/DEBUG   ( 3983):          #02  pc 0001adf2  /data/data/com.miadzin.shmup/lib/libshmup.so (LE_readToken)
I/DEBUG   ( 3983):          #03  pc 000128ac  /data/data/com.miadzin.shmup/lib/libshmup.so (dEngine_ReadConfig)
I/DEBUG   ( 3983):          #04  pc 000130aa  /data/data/com.miadzin.shmup/lib/libshmup.so (dEngine_Init)
I/DEBUG   ( 3983):          #05  pc 0000e4a0  /data/data/com.miadzin.shmup/lib/libshmup.so
I/DEBUG   ( 3983):          #06  pc 0000e7a6  /data/data/com.miadzin.shmup/lib/libshmup.so
I/DEBUG   ( 3983):          #07  pc 0000eca0  /data/data/com.miadzin.shmup/lib/libshmup.so
I/DEBUG   ( 3983):          #08  pc 0000e902  /data/data/com.miadzin.shmup/lib/libshmup.so (android_main)
I/DEBUG   ( 3983):          #09  pc 0000ed60  /data/data/com.miadzin.shmup/lib/libshmup.so
I/DEBUG   ( 3983):          #10  pc 00011f44  /system/lib/libc.so (__thread_entry)
I/DEBUG   ( 3983):          #11  pc 00011aec  /system/lib/libc.so (pthread_create)
I/DEBUG   ( 3983): 
I/DEBUG   ( 3983): code around pc:
I/DEBUG   ( 3983): 8061aba8 f000611a 1c03f9e1 d1e52b00 46c0bd10 
I/DEBUG   ( 3983): 8061abb8 00034204 000003d0 447b4b05 589a4a05 
I/DEBUG   ( 3983): 8061abc8 78126912 585b4904 1c185c9b 46c04770 
I/DEBUG   ( 3983): 8061abd8 000341be 000003d0 00000524 b083b530 
I/DEBUG   ( 3983): 8061abe8 447c4c25 4b259001 9a0158e3 c323ca23 
I/DEBUG   ( 3983): 
I/DEBUG   ( 3983): code around lr:
I/DEBUG   ( 3983): 8061adb4 1c5a691b 58e34b0a f7ff611a e000ff83 
I/DEBUG   ( 3983): 8061adc4 f00046c0 1c03f8d3 d0052b00 fef6f7ff 
I/DEBUG   ( 3983): 8061add4 2b001c03 e77fd000 46c0bd10 000340b4 
I/DEBUG   ( 3983): 8061ade4 000003d0 00000664 4c44b510 f7ff447c 
I/DEBUG   ( 3983): 8061adf4 4b43ff69 681a58e3 58e34b42 4b41601a 
I/DEBUG   ( 3983): 
I/DEBUG   ( 3983): stack:
I/DEBUG   ( 3983):     44ae2b88  00000078  
I/DEBUG   ( 3983):     44ae2b8c  8060ecbd  /data/data/com.miadzin.shmup/lib/libshmup.so
I/DEBUG   ( 3983):     44ae2b90  0013b350  
I/DEBUG   ( 3983):     44ae2b94  00100000  
I/DEBUG   ( 3983):     44ae2b98  00000001  
I/DEBUG   ( 3983):     44ae2b9c  afd19c07  /system/lib/libc.so
I/DEBUG   ( 3983):     44ae2ba0  806484f4  /data/data/com.miadzin.shmup/lib/libshmup.so
I/DEBUG   ( 3983):     44ae2ba4  44ae2bb4  
I/DEBUG   ( 3983):     44ae2ba8  73797365  
I/DEBUG   ( 3983):     44ae2bac  8061af8d  /data/data/com.miadzin.shmup/lib/libshmup.so
I/DEBUG   ( 3983):     44ae2bb0  806484f4  /data/data/com.miadzin.shmup/lib/libshmup.so
I/DEBUG   ( 3983):     44ae2bb4  00000000  
I/DEBUG   ( 3983):     44ae2bb8  73797365  
I/DEBUG   ( 3983):     44ae2bbc  806484f4  /data/data/com.miadzin.shmup/lib/libshmup.so
I/DEBUG   ( 3983):     44ae2bc0  df002777  
I/DEBUG   ( 3983):     44ae2bc4  e3a070ad  
I/DEBUG   ( 3983): #01 44ae2bc8  8064ed84  
I/DEBUG   ( 3983):     44ae2bcc  8061adf7  /data/data/com.miadzin.shmup/lib/libshmup.so
I/ActivityManager( 1060): Displayed com.miadzin.shmup/.TouchpadNAActivity: +377ms
I/BootReceiver( 1060): Copying /data/tombstones/tombstone_05 to DropBox (SYSTEM_TOMBSTONE)
I/ActivityManager( 1060): Process com.miadzin.shmup (pid 15407) has died.
I/WindowManager( 1060): WIN DEATH: Window{408a3ed8 com.miadzin.shmup/com.miadzin.shmup.TouchpadNAActivity paused=false}
D/Zygote  (  982): Process 15407 terminated by signal (11)
W/ResourceType( 1060): Skipping entry 0x7f040006 in package table 0 because it is not complex!
D/dalvikvm(12741): GC_CONCURRENT freed 465K, 51% free 2980K/6023K, external 270K/512K, paused 3ms+2ms
D/dalvikvm(12741): GC_FOR_MALLOC freed 462K, 52% free 2944K/6023K, external 51K/512K, paused 15ms
D/dalvikvm(12741): GC_EXPLICIT freed 187K, 52% free 2942K/6023K, external 244K/512K, paused 62ms
D/AndroidRuntime(15771): 
D/AndroidRuntime(15771): >>>>>> AndroidRuntime START com.android.internal.os.RuntimeInit <<<<<<
I/AndroidRuntime(15771): Heap size: -Xmx32m
D/AndroidRuntime(15771): CheckJNI is OFF
D/dalvikvm(15771): creating instr width table
D/AndroidRuntime(15771): Calling main entry com.android.commands.pm.Pm
I/ActivityManager( 1060): Start proc com.android.defcontainer for service com.android.defcontainer/.DefaultContainerService: pid=15778 uid=10032 gids={1015, 2001}
D/dalvikvm(  982): GC_EXPLICIT freed 12K, 51% free 2679K/5379K, external 0K/0K, paused 29ms
D/dalvikvm(  982): GC_EXPLICIT freed <1K, 51% free 2679K/5379K, external 0K/0K, paused 32ms
D/dalvikvm(  982): GC_EXPLICIT freed <1K, 51% free 2679K/5379K, external 0K/0K, paused 33ms
D/dalvikvm(15778): GC_EXPLICIT freed 53K, 51% free 2688K/5379K, external 0K/0K, paused 50ms
W/ActivityManager( 1060): No content provider found for: 
W/ActivityManager( 1060): No content provider found for: 
I/ActivityManager( 1060): No longer want com.noshufou.android.su (pid 14240): hidden #16
D/PackageParser( 1060): Scanning package: /data/app/vmdl-510013234.tmp
D/dalvikvm( 1060): GC_CONCURRENT freed 1503K, 43% free 7428K/12807K, external 2361K/2383K, paused 2ms+5ms
I/PackageManager( 1060): Removing non-system package:com.miadzin.shmup
I/ActivityManager( 1060): Force stopping package com.miadzin.shmup uid=10121
I/ActivityManager( 1060): Start proc com.facebook.katana for service com.facebook.katana/.service.FacebookService: pid=15839 uid=10108 gids={3003, 1015}
D/PackageManager( 1060): Scanning package com.miadzin.shmup
I/ActivityManager( 1060): No longer want com.spotify.mobile.android.ui (pid 7839): hidden #16
D/installd(  985): DexInv: --- BEGIN '/data/app/com.miadzin.shmup-1.apk' ---
W/ActivityManager( 1060): Scheduling restart of crashed service com.spotify.mobile.android.ui/com.spotify.mobile.android.service.LocalService in 5000ms
I/PackageManager( 1060): Package com.miadzin.shmup codePath changed from /data/app/com.miadzin.shmup-2.apk to /data/app/com.miadzin.shmup-1.apk; Retaining data and using new
I/ActivityThread(15839): Pub com.facebook.katana.provider.LoggingProvider: com.facebook.katana.provider.LoggingProvider
D/dalvikvm(15848): creating instr width table
D/dalvikvm(15848): DexOpt: load 4ms, verify+opt 3ms
I/ActivityThread(15839): Pub com.facebook.katana.provider.KeyValueProvider: com.facebook.katana.provider.KeyValueProvider
I/ActivityThread(15839): Pub com.facebook.katana.provider.ChatHistoryProvider: com.facebook.katana.provider.ChatHistoryProvider
I/ActivityThread(15839): Pub com.facebook.katana.provider.CacheProvider: com.facebook.katana.provider.CacheProvider
I/ActivityThread(15839): Pub com.facebook.katana.provider.MailboxProvider: com.facebook.katana.provider.MailboxProvider
I/ActivityThread(15839): Pub com.facebook.katana.provider.UserStatusesProvider: com.facebook.katana.provider.UserStatusesProvider
I/ActivityThread(15839): Pub com.facebook.katana.provider.EventsProvider: com.facebook.katana.provider.EventsProvider
I/ActivityThread(15839): Pub com.facebook.katana.provider.NotificationsProvider: com.facebook.katana.provider.NotificationsProvider
I/ActivityThread(15839): Pub com.facebook.katana.provider.UserValuesProvider: com.facebook.katana.provider.UserValuesProvider
I/ActivityThread(15839): Pub com.facebook.katana.provider.PagesProvider: com.facebook.katana.provider.PagesProvider
I/ActivityThread(15839): Pub com.facebook.katana.provider.PhotosProvider: com.facebook.katana.provider.PhotosProvider
I/ActivityThread(15839): Pub com.facebook.katana.provider.ConnectionsProvider: com.facebook.katana.provider.ConnectionsProvider
D/installd(  985): DexInv: --- END '/data/app/com.miadzin.shmup-1.apk' (success) ---
I/PackageManager( 1060): Unpacking native libraries for /data/app/com.miadzin.shmup-1.apk
D/NativeHelper( 1060): Found gdbserver: lib/armeabi/gdbserver
D/dalvikvm(15839): GC_CONCURRENT freed 148K, 48% free 2987K/5639K, external 0K/0K, paused 2ms+3ms
D/installd(  985): DexInv: --- BEGIN '/data/app/com.miadzin.shmup-1.apk' ---
D/dalvikvm(15852): creating instr width table
D/dalvikvm(15852): DexOpt: load 4ms, verify+opt 2ms
D/installd(  985): DexInv: --- END '/data/app/com.miadzin.shmup-1.apk' (success) ---
D/PackageManager( 1060):   Activities: com.miadzin.shmup.TouchpadNAActivity
I/ActivityManager( 1060): Force stopping package com.miadzin.shmup uid=10121
W/PackageManager( 1060): Code path for pkg : com.miadzin.shmup changing from /data/app/com.miadzin.shmup-2.apk to /data/app/com.miadzin.shmup-1.apk
W/PackageManager( 1060): Resource path for pkg : com.miadzin.shmup changing from /data/app/com.miadzin.shmup-2.apk to /data/app/com.miadzin.shmup-1.apk
D/dalvikvm(15839): GC_CONCURRENT freed 246K, 46% free 3243K/5959K, external 0K/0K, paused 2ms+2ms
D/dalvikvm(15839): GC_EXTERNAL_ALLOC freed 29K, 47% free 3216K/5959K, external 0K/0K, paused 29ms
I/installd(  985): move /data/dalvik-cache/data@app@com.miadzin.shmup-1.apk@classes.dex -> /data/dalvik-cache/data@app@com.miadzin.shmup-1.apk@classes.dex
D/PackageManager( 1060): New package installed in /data/app/com.miadzin.shmup-1.apk
D/dalvikvm( 1060): GC_CONCURRENT freed 1552K, 42% free 7536K/12807K, external 1871K/2383K, paused 2ms+8ms
I/ActivityManager( 1060): Force stopping package com.miadzin.shmup uid=10121
D/dalvikvm( 1186): GC_EXPLICIT freed 295K, 52% free 3369K/6919K, external 6576K/7038K, paused 26ms
D/dalvikvm(14521): GC_EXPLICIT freed 165K, 46% free 3950K/7303K, external 2498K/3120K, paused 39ms
D/szipinf ( 1060): Initializing inflate state
D/szipinf ( 1060): Initializing inflate state
I/ActivityManager( 1060): Start proc com.noshufou.android.su for broadcast com.noshufou.android.su/.UninstallReceiver: pid=15862 uid=10011 gids={1015, 3003}
D/szipinf ( 1060): Initializing inflate state
D/Sources (14521): Creating external source for type=fm.last.android.account, packageName=fm.last.android
D/Sources (14521): Creating external source for type=com.skype.contacts.sync, packageName=com.skype.raider
D/Sources (14521): Creating external source for type=com.twitter.android.auth.login, packageName=com.twitter.android
D/Sources (14521): Creating external source for type=com.facebook.auth.login, packageName=com.facebook.katana
D/Sources (14521): Creating external source for type=fm.last.android.account, packageName=fm.last.android
D/Sources (14521): Creating external source for type=com.skype.contacts.sync, packageName=com.skype.raider
D/Sources (14521): Creating external source for type=com.twitter.android.auth.login, packageName=com.twitter.android
D/Sources (14521): Creating external source for type=com.facebook.auth.login, packageName=com.facebook.katana
I/ThemeManager(  787): Handling replaced theme package: com.miadzin.shmup
D/dalvikvm( 1060): GC_EXPLICIT freed 1096K, 44% free 7297K/12807K, external 1871K/2383K, paused 61ms
I/installd(  985): unlink /data/dalvik-cache/data@app@com.miadzin.shmup-2.apk@classes.dex
D/AndroidRuntime(15771): Shutting down VM
D/dalvikvm(15771): GC_CONCURRENT freed 100K, 71% free 298K/1024K, external 0K/0K, paused 1ms+1ms
D/jdwp    (15771): adbd disconnected
D/szipinf (15862): Initializing inflate state
D/szipinf ( 1060): Initializing inflate state
D/szipinf ( 1060): Initializing inflate state
D/szipinf ( 1060): Initializing inflate state
D/VoiceDialerReceiver( 9346): onReceive Intent { act=android.intent.action.PACKAGE_REMOVED dat=package:com.miadzin.shmup flg=0x10000000 cmp=com.android.voicedialer/.VoiceDialerReceiver (has extras) }
V/RecognizerEngine( 9346): deleteCachedGrammarFiles /data/data/com.android.voicedialer/files/openentries.txt
D/AirMail ( 1621): CoreReceiver action: android.intent.action.PACKAGE_REMOVED
D/AirMail ( 1621): Package Removed: com.miadzin.shmup
I/ActivityManager( 1060): No longer want com.svox.pico (pid 6317): hidden #16
D/szipinf ( 1060): Initializing inflate state
I/ActivityManager( 1060): Start proc com.svox.pico for broadcast com.svox.pico/.VoiceDataInstallerReceiver: pid=15878 uid=10005 gids={}
I/ActivityThread(15878): Pub com.svox.pico.providers.SettingsProvider: com.svox.pico.providers.SettingsProvider
D/InstallReceiver(15862): com.miadzin.shmup
D/VoiceDialerReceiver( 9346): onReceive Intent { act=android.intent.action.PACKAGE_ADDED dat=package:com.miadzin.shmup flg=0x10000000 cmp=com.android.voicedialer/.VoiceDialerReceiver (has extras) }
V/RecognizerEngine( 9346): deleteCachedGrammarFiles /data/data/com.android.voicedialer/files/openentries.txt
I/ActivityManager( 1060): Start proc com.google.android.partnersetup for broadcast com.google.android.partnersetup/.AppInstalledReceiver: pid=15890 uid=10006 gids={}
I/ActivityManager( 1060): No longer want com.google.android.apps.maps:FriendService (pid 6335): hidden #16
I/ActivityManager( 1060): Start proc com.google.android.apps.maps:FriendService for broadcast com.google.android.apps.maps/com.google.googlenav.friend.android.ServiceReceiver: pid=15905 uid=10097 gids={3003, 1015}
I/ActivityManager( 1060): No longer want com.google.android.googlequicksearchbox (pid 6345): hidden #16
D/dalvikvm(15905): GC_CONCURRENT freed 137K, 46% free 3047K/5639K, external 0K/0K, paused 2ms+2ms
D/dalvikvm(15839): GC_CONCURRENT freed 305K, 46% free 3392K/6215K, external 4K/516K, paused 2ms+2ms
D/szipinf (14521): Initializing inflate state
D/szipinf (14521): Initializing inflate state
D/szipinf (14521): Initializing inflate state
D/szipinf (14521): Initializing inflate state
D/szipinf (14521): Initializing inflate state
D/szipinf (14521): Initializing inflate state
D/szipinf (14521): Initializing inflate state
D/dalvikvm(15905): GC_CONCURRENT freed 114K, 43% free 3443K/6023K, external 0K/0K, paused 2ms+3ms
D/szipinf (14521): Initializing inflate state
D/szipinf (14521): Initializing inflate state
I/com.keramidas.TitaniumBackup.schedules.BootReceiver(  796): Application package was replaced (eg: upgraded) => Scheduling next wake-up ...
I/com.keramidas.TitaniumBackup.schedules.SchedulerService(  796): scheduleNextWakeup(): Invoked with idToExcludeForToday=null
D/szipinf (14521): Initializing inflate state
D/szipinf (14521): Initializing inflate state
D/szipinf (14521): Initializing inflate state
D/szipinf (14521): Initializing inflate state
I/com.keramidas.TitaniumBackup.schedules.SchedulerService(  796): scheduleNextWakeup(): No next wakeup scheduled.
I/ActivityManager( 1060): Start proc com.google.android.googlequicksearchbox for broadcast com.google.android.googlequicksearchbox/.CorporaUpdateReceiver: pid=15923 uid=10023 gids={3003}
I/ActivityManager( 1060): No longer want com.twitter.android (pid 15230): hidden #16
I/ActivityThread(15923): Pub com.google.android.googlequicksearchbox.google: com.google.android.googlequicksearchbox.google.GoogleSuggestionProvider
I/ActivityThread(15923): Pub com.google.android.googlequicksearchbox.shortcuts: com.google.android.googlequicksearchbox.ShortcutsProvider
I/ActivityManager( 1060): No longer want com.google.android.gm (pid 10573): hidden #16
I/ActivityManager( 1060): Start proc com.spotify.mobile.android.ui for service com.spotify.mobile.android.ui/com.spotify.mobile.android.service.LocalService: pid=15938 uid=10126 gids={3003, 1015}
I/ActivityThread(15938): Pub com.spotify.mobile.android.ui.PlaylistSearchProvider: com.spotify.mobile.android.model.PlaylistSearchProvider
I/ActivityThread(15938): Pub com.spotify.mobile.android.ui.SearchProvider: com.spotify.mobile.android.model.SearchSuggestionSampleProvider
I/ActivityThread(15938): Pub com.spotify.mobile.android.model.StarredTracksContentProvider: com.spotify.mobile.android.model.StarredTracksContentProvider
D/dalvikvm(15938): Trying to load lib /data/data/com.spotify.mobile.android.ui/lib/libspotifyjni-arm.so 0x40515400
D/dalvikvm(15938): Added shared lib /data/data/com.spotify.mobile.android.ui/lib/libspotifyjni-arm.so 0x40515400
D/SpotifyJava(15938): PHONE STATE - IDLE
D/dalvikvm(15839): GC_CONCURRENT freed 377K, 45% free 3566K/6407K, external 4K/516K, paused 2ms+3ms
D/dalvikvm(15839): GC_CONCURRENT freed 448K, 45% free 3687K/6599K, external 4K/516K, paused 2ms+3ms
D/dalvikvm(15839): GC_CONCURRENT freed 381K, 43% free 3818K/6663K, external 0K/512K, paused 2ms+2ms
D/dalvikvm(15839): GC_CONCURRENT freed 548K, 44% free 3842K/6855K, external 0K/512K, paused 2ms+2ms
D/dalvikvm(15839): GC_CONCURRENT freed 514K, 44% free 3840K/6855K, external 0K/512K, paused 2ms+2ms
D/dalvikvm(15839): GC_CONCURRENT freed 518K, 45% free 3834K/6855K, external 0K/512K, paused 1ms+2ms
D/dalvikvm(15839): GC_CONCURRENT freed 507K, 45% free 3839K/6855K, external 0K/512K, paused 2ms+2ms
D/dalvikvm(15839): GC_CONCURRENT freed 486K, 44% free 3865K/6855K, external 0K/512K, paused 2ms+2ms
D/dalvikvm(15839): GC_CONCURRENT freed 623K, 46% free 3753K/6855K, external 0K/512K, paused 2ms+2ms
D/dalvikvm(15839): GC_CONCURRENT freed 513K, 46% free 3752K/6855K, external 0K/512K, paused 1ms+2ms
D/dalvikvm(15839): GC_CONCURRENT freed 453K, 45% free 3811K/6855K, external 0K/512K, paused 2ms+3ms
D/dalvikvm(15839): GC_CONCURRENT freed 513K, 45% free 3812K/6855K, external 0K/512K, paused 2ms+2ms
D/dalvikvm(15839): GC_CONCURRENT freed 418K, 44% free 3906K/6855K, external 0K/512K, paused 2ms+2ms
D/dalvikvm(15839): GC_CONCURRENT freed 661K, 46% free 3780K/6919K, external 0K/512K, paused 2ms+2ms
D/dalvikvm(15839): GC_FOR_MALLOC freed 335K, 46% free 3755K/6919K, external 0K/512K, paused 21ms
D/dalvikvm(15839): GC_FOR_MALLOC freed 96K, 44% free 3942K/6919K, external 0K/512K, paused 19ms
D/dalvikvm(15839): GC_FOR_MALLOC freed <1K, 43% free 3950K/6919K, external 0K/512K, paused 20ms
I/dalvikvm(15839): Total arena pages for JIT: 11
D/dalvikvm(12741): GC_CONCURRENT freed 452K, 51% free 2960K/6023K, external 27K/512K, paused 1ms+1ms
D/dalvikvm(12741): GC_CONCURRENT freed 412K, 51% free 2995K/6023K, external 157K/512K, paused 2ms+2ms
D/dalvikvm(15839): GC_CONCURRENT freed 566K, 45% free 3891K/6983K, external 0K/512K, paused 2ms+2ms
D/dalvikvm(15839): GC_FOR_MALLOC freed 39K, 45% free 3851K/6983K, external 0K/512K, paused 17ms
I/dalvikvm-heap(15839): Grow heap (frag case) to 6.192MB for 26776-byte allocation
D/dalvikvm(15839): GC_FOR_MALLOC freed 4K, 46% free 3872K/7047K, external 0K/512K, paused 17ms
D/dalvikvm(15839): GC_FOR_MALLOC freed 119K, 45% free 3898K/7047K, external 0K/512K, paused 32ms
I/dalvikvm-heap(15839): Grow heap (frag case) to 6.290MB for 81284-byte allocation
D/dalvikvm(15839): GC_FOR_MALLOC freed 38K, 46% free 3939K/7175K, external 0K/512K, paused 32ms
D/dalvikvm(15839): GC_FOR_MALLOC freed <1K, 46% free 3939K/7175K, external 0K/512K, paused 22ms
I/dalvikvm-heap(15839): Grow heap (frag case) to 6.407MB for 162624-byte allocation
D/dalvikvm(15839): GC_FOR_MALLOC freed 0K, 45% free 4098K/7367K, external 0K/512K, paused 21ms
D/dalvikvm(15839): GC_FOR_MALLOC freed 82K, 45% free 4106K/7367K, external 0K/512K, paused 19ms
D/dalvikvm(15839): GC_FOR_MALLOC freed <1K, 44% free 4165K/7367K, external 0K/512K, paused 20ms
I/dalvikvm-heap(15839): Grow heap (frag case) to 6.588MB for 120756-byte allocation
D/dalvikvm(15839): GC_FOR_MALLOC freed 0K, 43% free 4283K/7495K, external 0K/512K, paused 20ms
D/dalvikvm(15839): GC_FOR_MALLOC freed 0K, 43% free 4283K/7495K, external 0K/512K, paused 18ms
I/dalvikvm-heap(15839): Grow heap (frag case) to 6.646MB for 60386-byte allocation
D/dalvikvm(15839): GC_FOR_MALLOC freed 0K, 43% free 4342K/7559K, external 0K/512K, paused 17ms
D/dalvikvm(15839): GC_FOR_MALLOC freed 118K, 45% free 4224K/7559K, external 0K/512K, paused 18ms
I/dalvikvm-heap(15839): Grow heap (frag case) to 6.761MB for 241496-byte allocation
D/dalvikvm(15839): GC_FOR_MALLOC freed <1K, 43% free 4459K/7815K, external 0K/512K, paused 18ms
I/dalvikvm-heap(15839): Grow heap (frag case) to 6.875MB for 120756-byte allocation
D/dalvikvm(15839): GC_FOR_MALLOC freed 0K, 43% free 4577K/7943K, external 0K/512K, paused 18ms
D/dalvikvm(15839): GC_CONCURRENT freed 609K, 44% free 4520K/7943K, external 0K/512K, paused 2ms+4ms
D/dalvikvm(15839): GC_CONCURRENT freed 477K, 43% free 4599K/7943K, external 0K/512K, paused 2ms+4ms
D/dalvikvm(15839): GC_CONCURRENT freed 525K, 42% free 4655K/7943K, external 0K/512K, paused 2ms+4ms
D/dalvikvm(15839): GC_CONCURRENT freed 1049K, 48% free 4149K/7943K, external 0K/512K, paused 3ms+5ms
D/dalvikvm(15839): GC_CONCURRENT freed 570K, 49% free 4091K/7943K, external 0K/512K, paused 3ms+2ms
D/dalvikvm(15839): GC_CONCURRENT freed 507K, 49% free 4095K/7943K, external 0K/512K, paused 2ms+3ms
D/dalvikvm( 9346): GC_EXPLICIT freed 10K, 50% free 2692K/5379K, external 0K/0K, paused 32ms
D/dalvikvm(15839): GC_CONCURRENT freed 477K, 49% free 4130K/7943K, external 4K/512K, paused 3ms+5ms
D/dalvikvm(15839): GC_CONCURRENT freed 451K, 49% free 4072K/7943K, external 0K/512K, paused 4ms+3ms
D/dalvikvm(14521): GC_EXPLICIT freed 645K, 45% free 4038K/7303K, external 2498K/3120K, paused 30ms
D/dalvikvm( 1060): GC_EXPLICIT freed 616K, 43% free 7332K/12807K, external 2121K/2378K, paused 61ms
I/ActivityManager( 1060): Starting: Intent { act=android.intent.action.MAIN cat=[android.intent.category.LAUNCHER] flg=0x10200000 cmp=com.miadzin.shmup/.TouchpadNAActivity bnds=[5,410][115,540] } from pid 1186
I/ActivityManager( 1060): Start proc com.miadzin.shmup for activity com.miadzin.shmup/.TouchpadNAActivity: pid=15995 uid=10121 gids={3003, 1015}
W/ResourceType( 1060): Skipping entry 0x7f040007 in package table 0 because it is not complex!
W/ResourceType( 1060): Skipping entry 0x7f040008 in package table 0 because it is not complex!
D/dalvikvm(15995): Trying to load lib /data/data/com.miadzin.shmup/lib/libopenal.so 0x40514618
D/dalvikvm(15995): Added shared lib /data/data/com.miadzin.shmup/lib/libopenal.so 0x40514618
D/dalvikvm(15995): Trying to load lib /data/data/com.miadzin.shmup/lib/libshmup.so 0x40514618
D/dalvikvm(15995): Added shared lib /data/data/com.miadzin.shmup/lib/libshmup.so 0x40514618
D/dalvikvm(15995): No JNI_OnLoad found in /data/data/com.miadzin.shmup/lib/libshmup.so 0x40514618, skipping init
I/RealTimeChat( 7619): Sending ping to bunch
I/libshmup(15995): [Filesystem] Initialized.
W/InputManagerService( 1060): Got RemoteException sending setActive(false) notification to pid 15407 uid 10121
I/ActivityManager( 1060): No longer want com.cyanogenmod.cmparts (pid 12708): hidden #16
I/DEBUG   ( 3983): *** *** *** *** *** *** *** *** *** *** *** *** *** *** *** ***
I/DEBUG   ( 3983): Build fingerprint: 'lge/lge_lge_star/p999:2.3.3/GRI40/lgp999-V21e.41fdc8a2:user/release-keys'
I/DEBUG   ( 3983): pid: 15995, tid: 16003  >>> com.miadzin.shmup <<<
I/DEBUG   ( 3983): signal 11 (SIGSEGV), code 1 (SEGV_MAPERR), fault addr 00000000
I/DEBUG   ( 3983):  r0 00000001  r1 73797365  r2 00000000  r3 8064ed84
I/DEBUG   ( 3983):  r4 8064ed84  r5 8060ecbd  r6 0013b350  r7 00000078
I/DEBUG   ( 3983):  r8 8060ecbd  r9 0013b350  10 00100000  fp 00000001
I/DEBUG   ( 3983):  ip ffffff1c  sp 44ae2bc8  lr 8061add5  pc 8061abca  cpsr 20000030
I/DEBUG   ( 3983):  d0  41a000003dcccccd  d1  3ff0000000000000
I/DEBUG   ( 3983):  d2  4d82d97642473df3  d3  00540ff04a277cc0
I/DEBUG   ( 3983):  d4  3fbc71c70029df30  d5  3fe999999999999a
I/DEBUG   ( 3983):  d6  013f0b0000000000  d7  4173f0b008000000
I/DEBUG   ( 3983):  d8  0000000000000000  d9  0000000000000000
I/DEBUG   ( 3983):  d10 0000000000000000  d11 0000000000000000
I/DEBUG   ( 3983):  d12 0000000000000000  d13 0000000000000000
I/DEBUG   ( 3983):  d14 0000000000000000  d15 0000000000000000
I/DEBUG   ( 3983):  scr 60000010
I/DEBUG   ( 3983): 
I/RealTimeChat( 7619): Ping response from backend
I/DEBUG   ( 3983):          #00  pc 0001abca  /data/data/com.miadzin.shmup/lib/libshmup.so (prtCurrentIsWhiteChar)
I/DEBUG   ( 3983):          #01  pc 0001add0  /data/data/com.miadzin.shmup/lib/libshmup.so (LE_skipWhiteSpace)
I/DEBUG   ( 3983):          #02  pc 0001adf2  /data/data/com.miadzin.shmup/lib/libshmup.so (LE_readToken)
I/DEBUG   ( 3983):          #03  pc 000128ac  /data/data/com.miadzin.shmup/lib/libshmup.so (dEngine_ReadConfig)
I/DEBUG   ( 3983):          #04  pc 000130aa  /data/data/com.miadzin.shmup/lib/libshmup.so (dEngine_Init)
I/DEBUG   ( 3983):          #05  pc 0000e4a0  /data/data/com.miadzin.shmup/lib/libshmup.so
I/DEBUG   ( 3983):          #06  pc 0000e7a6  /data/data/com.miadzin.shmup/lib/libshmup.so
I/DEBUG   ( 3983):          #07  pc 0000eca0  /data/data/com.miadzin.shmup/lib/libshmup.so
I/DEBUG   ( 3983):          #08  pc 0000e902  /data/data/com.miadzin.shmup/lib/libshmup.so (android_main)
I/DEBUG   ( 3983):          #09  pc 0000ed60  /data/data/com.miadzin.shmup/lib/libshmup.so
I/DEBUG   ( 3983):          #10  pc 00011f44  /system/lib/libc.so (__thread_entry)
I/DEBUG   ( 3983):          #11  pc 00011aec  /system/lib/libc.so (pthread_create)
I/DEBUG   ( 3983): 
I/DEBUG   ( 3983): code around pc:
I/DEBUG   ( 3983): 8061aba8 f000611a 1c03f9e1 d1e52b00 46c0bd10 
I/DEBUG   ( 3983): 8061abb8 00034204 000003d0 447b4b05 589a4a05 
